Archive member included to satisfy reference by file (symbol)

D:/MinGW/arm-gnu-toolchain-14.2.rel1-mingw-w64-i686-arm-none-eabi/bin/../lib/gcc/arm-none-eabi/14.2.1/thumb/v7e-m/nofp\libgcc.a(_arm_mulsf3.o)
                              CMakeFiles/zig_lib.elf.dir/Core/Src/system_stm32h7xx.c.obj (__aeabi_fmul)
D:/MinGW/arm-gnu-toolchain-14.2.rel1-mingw-w64-i686-arm-none-eabi/bin/../lib/gcc/arm-none-eabi/14.2.1/thumb/v7e-m/nofp\libgcc.a(_arm_addsubsf3.o)
                              CMakeFiles/zig_lib.elf.dir/Core/Src/system_stm32h7xx.c.obj (__aeabi_fadd)
D:/MinGW/arm-gnu-toolchain-14.2.rel1-mingw-w64-i686-arm-none-eabi/bin/../lib/gcc/arm-none-eabi/14.2.1/thumb/v7e-m/nofp\libgcc.a(_arm_muldivsf3.o)
                              CMakeFiles/zig_lib.elf.dir/Core/Src/system_stm32h7xx.c.obj (__aeabi_fdiv)
D:/MinGW/arm-gnu-toolchain-14.2.rel1-mingw-w64-i686-arm-none-eabi/bin/../lib/gcc/arm-none-eabi/14.2.1/thumb/v7e-m/nofp\libgcc.a(_arm_fixunssfsi.o)
                              CMakeFiles/zig_lib.elf.dir/Core/Src/system_stm32h7xx.c.obj (__aeabi_f2uiz)
D:/MinGW/arm-gnu-toolchain-14.2.rel1-mingw-w64-i686-arm-none-eabi/bin/../lib/gcc/arm-none-eabi/14.2.1/thumb/v7e-m/nofp\libgcc.a(_aeabi_uldivmod.o)
                              CMakeFiles/zig_lib.elf.dir/Drivers/STM32H7xx_HAL_Driver/Src/stm32h7xx_hal_uart.c.obj (__aeabi_uldivmod)
D:/MinGW/arm-gnu-toolchain-14.2.rel1-mingw-w64-i686-arm-none-eabi/bin/../lib/gcc/arm-none-eabi/14.2.1/thumb/v7e-m/nofp\libgcc.a(_udivmoddi4.o)
                              D:/MinGW/arm-gnu-toolchain-14.2.rel1-mingw-w64-i686-arm-none-eabi/bin/../lib/gcc/arm-none-eabi/14.2.1/thumb/v7e-m/nofp\libgcc.a(_aeabi_uldivmod.o) (__udivmoddi4)
D:/MinGW/arm-gnu-toolchain-14.2.rel1-mingw-w64-i686-arm-none-eabi/bin/../lib/gcc/arm-none-eabi/14.2.1/thumb/v7e-m/nofp\libgcc.a(_dvmd_tls.o)
                              D:/MinGW/arm-gnu-toolchain-14.2.rel1-mingw-w64-i686-arm-none-eabi/bin/../lib/gcc/arm-none-eabi/14.2.1/thumb/v7e-m/nofp\libgcc.a(_aeabi_uldivmod.o) (__aeabi_ldiv0)
D:/MinGW/arm-gnu-toolchain-14.2.rel1-mingw-w64-i686-arm-none-eabi/bin/../lib/gcc/arm-none-eabi/14.2.1/thumb/v7e-m/nofp\libg.a(libc_a-exit.o)
                              D:/MinGW/arm-gnu-toolchain-14.2.rel1-mingw-w64-i686-arm-none-eabi/bin/../lib/gcc/arm-none-eabi/14.2.1/thumb/v7e-m/nofp/crt0.o (exit)
D:/MinGW/arm-gnu-toolchain-14.2.rel1-mingw-w64-i686-arm-none-eabi/bin/../lib/gcc/arm-none-eabi/14.2.1/thumb/v7e-m/nofp\libg.a(libc_a-findfp.o)
                              D:/MinGW/arm-gnu-toolchain-14.2.rel1-mingw-w64-i686-arm-none-eabi/bin/../lib/gcc/arm-none-eabi/14.2.1/thumb/v7e-m/nofp\libg.a(libc_a-exit.o) (__stdio_exit_handler)
D:/MinGW/arm-gnu-toolchain-14.2.rel1-mingw-w64-i686-arm-none-eabi/bin/../lib/gcc/arm-none-eabi/14.2.1/thumb/v7e-m/nofp\libg.a(libc_a-fwalk.o)
                              D:/MinGW/arm-gnu-toolchain-14.2.rel1-mingw-w64-i686-arm-none-eabi/bin/../lib/gcc/arm-none-eabi/14.2.1/thumb/v7e-m/nofp\libg.a(libc_a-findfp.o) (_fwalk_sglue)
D:/MinGW/arm-gnu-toolchain-14.2.rel1-mingw-w64-i686-arm-none-eabi/bin/../lib/gcc/arm-none-eabi/14.2.1/thumb/v7e-m/nofp\libg.a(libc_a-stdio.o)
                              D:/MinGW/arm-gnu-toolchain-14.2.rel1-mingw-w64-i686-arm-none-eabi/bin/../lib/gcc/arm-none-eabi/14.2.1/thumb/v7e-m/nofp\libg.a(libc_a-findfp.o) (__sread)
D:/MinGW/arm-gnu-toolchain-14.2.rel1-mingw-w64-i686-arm-none-eabi/bin/../lib/gcc/arm-none-eabi/14.2.1/thumb/v7e-m/nofp\libg.a(libc_a-memset.o)
                              D:/MinGW/arm-gnu-toolchain-14.2.rel1-mingw-w64-i686-arm-none-eabi/bin/../lib/gcc/arm-none-eabi/14.2.1/thumb/v7e-m/nofp/crt0.o (memset)
D:/MinGW/arm-gnu-toolchain-14.2.rel1-mingw-w64-i686-arm-none-eabi/bin/../lib/gcc/arm-none-eabi/14.2.1/thumb/v7e-m/nofp\libg.a(libc_a-closer.o)
                              D:/MinGW/arm-gnu-toolchain-14.2.rel1-mingw-w64-i686-arm-none-eabi/bin/../lib/gcc/arm-none-eabi/14.2.1/thumb/v7e-m/nofp\libg.a(libc_a-stdio.o) (_close_r)
D:/MinGW/arm-gnu-toolchain-14.2.rel1-mingw-w64-i686-arm-none-eabi/bin/../lib/gcc/arm-none-eabi/14.2.1/thumb/v7e-m/nofp\libg.a(libc_a-reent.o)
                              D:/MinGW/arm-gnu-toolchain-14.2.rel1-mingw-w64-i686-arm-none-eabi/bin/../lib/gcc/arm-none-eabi/14.2.1/thumb/v7e-m/nofp\libg.a(libc_a-closer.o) (errno)
D:/MinGW/arm-gnu-toolchain-14.2.rel1-mingw-w64-i686-arm-none-eabi/bin/../lib/gcc/arm-none-eabi/14.2.1/thumb/v7e-m/nofp\libg.a(libc_a-impure.o)
                              D:/MinGW/arm-gnu-toolchain-14.2.rel1-mingw-w64-i686-arm-none-eabi/bin/../lib/gcc/arm-none-eabi/14.2.1/thumb/v7e-m/nofp\libg.a(libc_a-reent.o) (_impure_ptr)
D:/MinGW/arm-gnu-toolchain-14.2.rel1-mingw-w64-i686-arm-none-eabi/bin/../lib/gcc/arm-none-eabi/14.2.1/thumb/v7e-m/nofp\libg.a(libc_a-lseekr.o)
                              D:/MinGW/arm-gnu-toolchain-14.2.rel1-mingw-w64-i686-arm-none-eabi/bin/../lib/gcc/arm-none-eabi/14.2.1/thumb/v7e-m/nofp\libg.a(libc_a-stdio.o) (_lseek_r)
[...]
Memory Configuration

Name             Origin             Length             Attributes
ITCMRAM          0x00000000         0x00010000         xrw
DTCMRAM          0x20000000         0x00020000         xrw
FLASH            0x08000000         0x00100000         xr
RAM_D1           0x24000000         0x00050000         xrw
RAM_D2           0x30000000         0x00008000         xrw
RAM_D3           0x38000000         0x00004000         xrw
*default*        0x00000000         0xffffffff

Linker script and memory map

LOAD D:/MinGW/arm-gnu-toolchain-14.2.rel1-mingw-w64-i686-arm-none-eabi/bin/../lib/gcc/arm-none-eabi/14.2.1/thumb/v7e-m/nofp/crti.o
LOAD D:/MinGW/arm-gnu-toolchain-14.2.rel1-mingw-w64-i686-arm-none-eabi/bin/../lib/gcc/arm-none-eabi/14.2.1/thumb/v7e-m/nofp/crtbegin.o
LOAD D:/MinGW/arm-gnu-toolchain-14.2.rel1-mingw-w64-i686-arm-none-eabi/bin/../lib/gcc/arm-none-eabi/14.2.1/thumb/v7e-m/nofp/crt0.o
LOAD CMakeFiles/zig_lib.elf.dir/Core/Src/dma.c.obj
LOAD CMakeFiles/zig_lib.elf.dir/Core/Src/fdcan.c.obj
LOAD CMakeFiles/zig_lib.elf.dir/Core/Src/gpio.c.obj
LOAD CMakeFiles/zig_lib.elf.dir/Core/Src/main.c.obj
LOAD CMakeFiles/zig_lib.elf.dir/Core/Src/octospi.c.obj
LOAD CMakeFiles/zig_lib.elf.dir/Core/Src/spi.c.obj
LOAD CMakeFiles/zig_lib.elf.dir/Core/Src/stm32h7xx_hal_msp.c.obj
LOAD CMakeFiles/zig_lib.elf.dir/Core/Src/stm32h7xx_it.c.obj
LOAD CMakeFiles/zig_lib.elf.dir/Core/Src/syscalls.c.obj
LOAD CMakeFiles/zig_lib.elf.dir/Core/Src/sysmem.c.obj
LOAD CMakeFiles/zig_lib.elf.dir/Core/Src/system_stm32h7xx.c.obj
LOAD CMakeFiles/zig_lib.elf.dir/Core/Src/tim.c.obj
LOAD CMakeFiles/zig_lib.elf.dir/Core/Src/usart.c.obj
LOAD CMakeFiles/zig_lib.elf.dir/Core/Startup/startup_stm32h723vgtx.s.obj
LOAD CMakeFiles/zig_lib.elf.dir/Drivers/STM32H7xx_HAL_Driver/Src/stm32h7xx_hal.c.obj
LOAD CMakeFiles/zig_lib.elf.dir/Drivers/STM32H7xx_HAL_Driver/Src/stm32h7xx_hal_cortex.c.obj
LOAD CMakeFiles/zig_lib.elf.dir/Drivers/STM32H7xx_HAL_Driver/Src/stm32h7xx_hal_dma.c.obj
LOAD CMakeFiles/zig_lib.elf.dir/Drivers/STM32H7xx_HAL_Driver/Src/stm32h7xx_hal_dma_ex.c.obj
LOAD CMakeFiles/zig_lib.elf.dir/Drivers/STM32H7xx_HAL_Driver/Src/stm32h7xx_hal_exti.c.obj
LOAD CMakeFiles/zig_lib.elf.dir/Drivers/STM32H7xx_HAL_Driver/Src/stm32h7xx_hal_fdcan.c.obj
LOAD CMakeFiles/zig_lib.elf.dir/Drivers/STM32H7xx_HAL_Driver/Src/stm32h7xx_hal_flash.c.obj
LOAD CMakeFiles/zig_lib.elf.dir/Drivers/STM32H7xx_HAL_Driver/Src/stm32h7xx_hal_flash_ex.c.obj
LOAD CMakeFiles/zig_lib.elf.dir/Drivers/STM32H7xx_HAL_Driver/Src/stm32h7xx_hal_gpio.c.obj
LOAD CMakeFiles/zig_lib.elf.dir/Drivers/STM32H7xx_HAL_Driver/Src/stm32h7xx_hal_hsem.c.obj
LOAD CMakeFiles/zig_lib.elf.dir/Drivers/STM32H7xx_HAL_Driver/Src/stm32h7xx_hal_i2c.c.obj
LOAD CMakeFiles/zig_lib.elf.dir/Drivers/STM32H7xx_HAL_Driver/Src/stm32h7xx_hal_i2c_ex.c.obj
LOAD CMakeFiles/zig_lib.elf.dir/Drivers/STM32H7xx_HAL_Driver/Src/stm32h7xx_hal_mdma.c.obj
LOAD CMakeFiles/zig_lib.elf.dir/Drivers/STM32H7xx_HAL_Driver/Src/stm32h7xx_hal_ospi.c.obj
LOAD CMakeFiles/zig_lib.elf.dir/Drivers/STM32H7xx_HAL_Driver/Src/stm32h7xx_hal_pcd.c.obj
LOAD CMakeFiles/zig_lib.elf.dir/Drivers/STM32H7xx_HAL_Driver/Src/stm32h7xx_hal_pcd_ex.c.obj
LOAD CMakeFiles/zig_lib.elf.dir/Drivers/STM32H7xx_HAL_Driver/Src/stm32h7xx_hal_pwr.c.obj
LOAD CMakeFiles/zig_lib.elf.dir/Drivers/STM32H7xx_HAL_Driver/Src/stm32h7xx_hal_pwr_ex.c.obj
LOAD CMakeFiles/zig_lib.elf.dir/Drivers/STM32H7xx_HAL_Driver/Src/stm32h7xx_hal_rcc.c.obj
LOAD CMakeFiles/zig_lib.elf.dir/Drivers/STM32H7xx_HAL_Driver/Src/stm32h7xx_hal_rcc_ex.c.obj
LOAD CMakeFiles/zig_lib.elf.dir/Drivers/STM32H7xx_HAL_Driver/Src/stm32h7xx_hal_spi.c.obj
LOAD CMakeFiles/zig_lib.elf.dir/Drivers/STM32H7xx_HAL_Driver/Src/stm32h7xx_hal_spi_ex.c.obj
LOAD CMakeFiles/zig_lib.elf.dir/Drivers/STM32H7xx_HAL_Driver/Src/stm32h7xx_hal_tim.c.obj
LOAD CMakeFiles/zig_lib.elf.dir/Drivers/STM32H7xx_HAL_Driver/Src/stm32h7xx_hal_tim_ex.c.obj
LOAD CMakeFiles/zig_lib.elf.dir/Drivers/STM32H7xx_HAL_Driver/Src/stm32h7xx_hal_uart.c.obj
LOAD CMakeFiles/zig_lib.elf.dir/Drivers/STM32H7xx_HAL_Driver/Src/stm32h7xx_hal_uart_ex.c.obj
LOAD CMakeFiles/zig_lib.elf.dir/Drivers/STM32H7xx_HAL_Driver/Src/stm32h7xx_ll_usb.c.obj
LOAD CMakeFiles/zig_lib.elf.dir/Middlewares/ST/STM32_USB_Device_Library/Class/CDC/Src/usbd_cdc.c.obj
LOAD CMakeFiles/zig_lib.elf.dir/Middlewares/ST/STM32_USB_Device_Library/Core/Src/usbd_core.c.obj
LOAD CMakeFiles/zig_lib.elf.dir/Middlewares/ST/STM32_USB_Device_Library/Core/Src/usbd_ctlreq.c.obj
LOAD CMakeFiles/zig_lib.elf.dir/Middlewares/ST/STM32_USB_Device_Library/Core/Src/usbd_ioreq.c.obj
LOAD CMakeFiles/zig_lib.elf.dir/USB_DEVICE/App/usb_device.c.obj
LOAD CMakeFiles/zig_lib.elf.dir/USB_DEVICE/App/usbd_cdc_if.c.obj
LOAD CMakeFiles/zig_lib.elf.dir/USB_DEVICE/App/usbd_desc.c.obj
LOAD CMakeFiles/zig_lib.elf.dir/USB_DEVICE/Target/usbd_conf.c.obj
START GROUP
LOAD D:/MinGW/arm-gnu-toolchain-14.2.rel1-mingw-w64-i686-arm-none-eabi/bin/../lib/gcc/arm-none-eabi/14.2.1/thumb/v7e-m/nofp\libgcc.a
LOAD D:/MinGW/arm-gnu-toolchain-14.2.rel1-mingw-w64-i686-arm-none-eabi/bin/../lib/gcc/arm-none-eabi/14.2.1/thumb/v7e-m/nofp\libg.a
LOAD D:/MinGW/arm-gnu-toolchain-14.2.rel1-mingw-w64-i686-arm-none-eabi/bin/../lib/gcc/arm-none-eabi/14.2.1/thumb/v7e-m/nofp\libc.a
END GROUP
LOAD D:/MinGW/arm-gnu-toolchain-14.2.rel1-mingw-w64-i686-arm-none-eabi/bin/../lib/gcc/arm-none-eabi/14.2.1/thumb/v7e-m/nofp/crtend.o
LOAD D:/MinGW/arm-gnu-toolchain-14.2.rel1-mingw-w64-i686-arm-none-eabi/bin/../lib/gcc/arm-none-eabi/14.2.1/thumb/v7e-m/nofp/crtn.o
                0x00000200                        _Min_Heap_Size = 0x200
                0x00000400                        _Min_Stack_Size = 0x400
                0x24050000                        _estack = (ORIGIN (RAM_D1) + LENGTH (RAM_D1))

.isr_vector     0x08000000      0x2cc
                0x08000000                        . = ALIGN (0x4)
 *(.isr_vector)
 .isr_vector    0x08000000      0x2cc CMakeFiles/zig_lib.elf.dir/Core/Startup/startup_stm32h723vgtx.s.obj
                0x08000000                g_pfnVectors
                0x080002cc                        . = ALIGN (0x4)

.text           0x080002cc     0x3ec0
                0x080002cc                        . = ALIGN (0x4)
 *(.text)
 .text          0x080002cc      0x21c D:/MinGW/arm-gnu-toolchain-14.2.rel1-mingw-w64-i686-arm-none-eabi/bin/../lib/gcc/arm-none-eabi/14.2.1/thumb/v7e-m/nofp\libgcc.a(_arm_addsubsf3.o)
                0x080002cc                __aeabi_frsub
                0x080002d4                __subsf3
                0x080002d4                __aeabi_fsub
                0x080002d8                __aeabi_fadd
                0x080002d8                __addsf3
                0x08000438                __aeabi_ui2f
                0x08000438                __floatunsisf
                0x08000440                __aeabi_i2f
                0x08000440                __floatsisf
                0x0800045c                __aeabi_ul2f
                0x0800045c                __floatundisf
                0x0800046c                __aeabi_l2f
                0x0800046c                __floatdisf
 .text          0x080004e8      0x2a0 D:/MinGW/arm-gnu-toolchain-14.2.rel1-mingw-w64-i686-arm-none-eabi/bin/../lib/gcc/arm-none-eabi/14.2.1/thumb/v7e-m/nofp\libgcc.a(_arm_muldivsf3.o)
                0x080004e8                __mulsf3
                0x080004e8                __aeabi_fmul
                0x08000650                __aeabi_fdiv
                0x08000650                __divsf3
 .text          0x08000788       0x40 D:/MinGW/arm-gnu-toolchain-14.2.rel1-mingw-w64-i686-arm-none-eabi/bin/../lib/gcc/arm-none-eabi/14.2.1/thumb/v7e-m/nofp\libgcc.a(_arm_fixunssfsi.o)
                0x08000788                __fixunssfsi
                0x08000788                __aeabi_f2uiz
 *(.text*)
 .text.deregister_tm_clones
                0x080007c8       0x1c D:/MinGW/arm-gnu-toolchain-14.2.rel1-mingw-w64-i686-arm-none-eabi/bin/../lib/gcc/arm-none-eabi/14.2.1/thumb/v7e-m/nofp/crtbegin.o
 .text.register_tm_clones
                0x080007e4       0x24 D:/MinGW/arm-gnu-toolchain-14.2.rel1-mingw-w64-i686-arm-none-eabi/bin/../lib/gcc/arm-none-eabi/14.2.1/thumb/v7e-m/nofp/crtbegin.o
 .text.__do_global_dtors_aux
                0x08000808       0x28 D:/MinGW/arm-gnu-toolchain-14.2.rel1-mingw-w64-i686-arm-none-eabi/bin/../lib/gcc/arm-none-eabi/14.2.1/thumb/v7e-m/nofp/crtbegin.o
 .text.frame_dummy
                0x08000830       0x24 D:/MinGW/arm-gnu-toolchain-14.2.rel1-mingw-w64-i686-arm-none-eabi/bin/../lib/gcc/arm-none-eabi/14.2.1/thumb/v7e-m/nofp/crtbegin.o
 .text.Error_Handler
                0x08000854        0x4 CMakeFiles/zig_lib.elf.dir/Core/Src/main.c.obj
                0x08000854                Error_Handler
 .text.NMI_Handler
                0x08000858        0x2 CMakeFiles/zig_lib.elf.dir/Core/Src/stm32h7xx_it.c.obj
                0x08000858                NMI_Handler
 .text.HardFault_Handler
                0x0800085a        0x2 CMakeFiles/zig_lib.elf.dir/Core/Src/stm32h7xx_it.c.obj
                0x0800085a                HardFault_Handler
 .text.MemManage_Handler
                0x0800085c        0x2 CMakeFiles/zig_lib.elf.dir/Core/Src/stm32h7xx_it.c.obj
                0x0800085c                MemManage_Handler
 .text.BusFault_Handler
                0x0800085e        0x2 CMakeFiles/zig_lib.elf.dir/Core/Src/stm32h7xx_it.c.obj
                0x0800085e                BusFault_Handler
 .text.UsageFault_Handler
                0x08000860        0x2 CMakeFiles/zig_lib.elf.dir/Core/Src/stm32h7xx_it.c.obj
                0x08000860                UsageFault_Handler
 .text.SVC_Handler
                0x08000862        0x2 CMakeFiles/zig_lib.elf.dir/Core/Src/stm32h7xx_it.c.obj
                0x08000862                SVC_Handler
 .text.DebugMon_Handler
                0x08000864        0x2 CMakeFiles/zig_lib.elf.dir/Core/Src/stm32h7xx_it.c.obj
                0x08000864                DebugMon_Handler
 .text.PendSV_Handler
                0x08000866        0x2 CMakeFiles/zig_lib.elf.dir/Core/Src/stm32h7xx_it.c.obj
                0x08000866                PendSV_Handler
 .text.SysTick_Handler
                0x08000868        0x8 CMakeFiles/zig_lib.elf.dir/Core/Src/stm32h7xx_it.c.obj
                0x08000868                SysTick_Handler
 .text.DMA1_Stream0_IRQHandler
                0x08000870       0x10 CMakeFiles/zig_lib.elf.dir/Core/Src/stm32h7xx_it.c.obj
                0x08000870                DMA1_Stream0_IRQHandler
 .text.DMA1_Stream1_IRQHandler
                0x08000880       0x10 CMakeFiles/zig_lib.elf.dir/Core/Src/stm32h7xx_it.c.obj
                0x08000880                DMA1_Stream1_IRQHandler
 .text.DMA1_Stream2_IRQHandler
                0x08000890       0x10 CMakeFiles/zig_lib.elf.dir/Core/Src/stm32h7xx_it.c.obj
                0x08000890                DMA1_Stream2_IRQHandler
 .text.DMA1_Stream3_IRQHandler
                0x080008a0       0x10 CMakeFiles/zig_lib.elf.dir/Core/Src/stm32h7xx_it.c.obj
                0x080008a0                DMA1_Stream3_IRQHandler
 .text.DMA1_Stream4_IRQHandler
                0x080008b0       0x10 CMakeFiles/zig_lib.elf.dir/Core/Src/stm32h7xx_it.c.obj
                0x080008b0                DMA1_Stream4_IRQHandler
 .text.DMA1_Stream5_IRQHandler
                0x080008c0       0x10 CMakeFiles/zig_lib.elf.dir/Core/Src/stm32h7xx_it.c.obj
                0x080008c0                DMA1_Stream5_IRQHandler
 .text.DMA1_Stream6_IRQHandler
                0x080008d0       0x10 CMakeFiles/zig_lib.elf.dir/Core/Src/stm32h7xx_it.c.obj
                0x080008d0                DMA1_Stream6_IRQHandler
 .text.FDCAN1_IT0_IRQHandler
                0x080008e0       0x10 CMakeFiles/zig_lib.elf.dir/Core/Src/stm32h7xx_it.c.obj
                0x080008e0                FDCAN1_IT0_IRQHandler
 .text.FDCAN2_IT0_IRQHandler
                0x080008f0       0x10 CMakeFiles/zig_lib.elf.dir/Core/Src/stm32h7xx_it.c.obj
                0x080008f0                FDCAN2_IT0_IRQHandler
 .text.FDCAN1_IT1_IRQHandler
                0x08000900       0x10 CMakeFiles/zig_lib.elf.dir/Core/Src/stm32h7xx_it.c.obj
                0x08000900                FDCAN1_IT1_IRQHandler
 .text.FDCAN2_IT1_IRQHandler
                0x08000910       0x10 CMakeFiles/zig_lib.elf.dir/Core/Src/stm32h7xx_it.c.obj
                0x08000910                FDCAN2_IT1_IRQHandler
 .text.USART1_IRQHandler
                0x08000920       0x10 CMakeFiles/zig_lib.elf.dir/Core/Src/stm32h7xx_it.c.obj
                0x08000920                USART1_IRQHandler
 .text.USART2_IRQHandler
                0x08000930       0x10 CMakeFiles/zig_lib.elf.dir/Core/Src/stm32h7xx_it.c.obj
                0x08000930                USART2_IRQHandler
 .text.USART3_IRQHandler
                0x08000940       0x10 CMakeFiles/zig_lib.elf.dir/Core/Src/stm32h7xx_it.c.obj
                0x08000940                USART3_IRQHandler
 .text.EXTI15_10_IRQHandler
                0x08000950       0x1c CMakeFiles/zig_lib.elf.dir/Core/Src/stm32h7xx_it.c.obj
                0x08000950                EXTI15_10_IRQHandler
 .text.DMA1_Stream7_IRQHandler
                0x0800096c       0x10 CMakeFiles/zig_lib.elf.dir/Core/Src/stm32h7xx_it.c.obj
                0x0800096c                DMA1_Stream7_IRQHandler
 .text.UART5_IRQHandler
                0x0800097c       0x10 CMakeFiles/zig_lib.elf.dir/Core/Src/stm32h7xx_it.c.obj
                0x0800097c                UART5_IRQHandler
 .text.DMA2_Stream0_IRQHandler
                0x0800098c       0x10 CMakeFiles/zig_lib.elf.dir/Core/Src/stm32h7xx_it.c.obj
                0x0800098c                DMA2_Stream0_IRQHandler
 .text.DMA2_Stream1_IRQHandler
                0x0800099c       0x10 CMakeFiles/zig_lib.elf.dir/Core/Src/stm32h7xx_it.c.obj
                0x0800099c                DMA2_Stream1_IRQHandler
 .text.OTG_HS_IRQHandler
                0x080009ac       0x10 CMakeFiles/zig_lib.elf.dir/Core/Src/stm32h7xx_it.c.obj
                0x080009ac                OTG_HS_IRQHandler
 .text.FPU_IRQHandler
                0x080009bc        0x2 CMakeFiles/zig_lib.elf.dir/Core/Src/stm32h7xx_it.c.obj
                0x080009bc                FPU_IRQHandler
 *fill*         0x080009be        0x2 
 .text.UART7_IRQHandler
                0x080009c0       0x10 CMakeFiles/zig_lib.elf.dir/Core/Src/stm32h7xx_it.c.obj
                0x080009c0                UART7_IRQHandler
 .text.USART10_IRQHandler
                0x080009d0       0x10 CMakeFiles/zig_lib.elf.dir/Core/Src/stm32h7xx_it.c.obj
                0x080009d0                USART10_IRQHandler
 .text.FDCAN3_IT0_IRQHandler
                0x080009e0       0x10 CMakeFiles/zig_lib.elf.dir/Core/Src/stm32h7xx_it.c.obj
                0x080009e0                FDCAN3_IT0_IRQHandler
 .text.FDCAN3_IT1_IRQHandler
                0x080009f0       0x10 CMakeFiles/zig_lib.elf.dir/Core/Src/stm32h7xx_it.c.obj
                0x080009f0                FDCAN3_IT1_IRQHandler
 .text.SystemInit
                0x08000a00       0xbc CMakeFiles/zig_lib.elf.dir/Core/Src/system_stm32h7xx.c.obj
                0x08000a00                SystemInit
 .text.ExitRun0Mode
                0x08000abc       0x1c CMakeFiles/zig_lib.elf.dir/Core/Src/system_stm32h7xx.c.obj
                0x08000abc                ExitRun0Mode
 .text.Reset_Handler
                0x08000ad8       0x54 CMakeFiles/zig_lib.elf.dir/Core/Startup/startup_stm32h723vgtx.s.obj
                0x08000ad8                Reset_Handler
 .text.Default_Handler
                0x08000b2c        0x2 CMakeFiles/zig_lib.elf.dir/Core/Startup/startup_stm32h723vgtx.s.obj
                0x08000b2c                RTC_Alarm_IRQHandler
                0x08000b2c                EXTI2_IRQHandler
                0x08000b2c                TIM8_CC_IRQHandler
                0x08000b2c                UART8_IRQHandler
                0x08000b2c                SPI4_IRQHandler
                0x08000b2c                TIM1_CC_IRQHandler
                0x08000b2c                BDMA_Channel6_IRQHandler
                0x08000b2c                DMA2_Stream5_IRQHandler
                0x08000b2c                CORDIC_IRQHandler
                0x08000b2c                BDMA_Channel1_IRQHandler
                0x08000b2c                TAMP_STAMP_IRQHandler
                0x08000b2c                EXTI3_IRQHandler
                0x08000b2c                LPTIM4_IRQHandler
                0x08000b2c                TIM8_TRG_COM_TIM14_IRQHandler
                0x08000b2c                LPTIM2_IRQHandler
                0x08000b2c                DFSDM1_FLT1_IRQHandler
                0x08000b2c                DMAMUX2_OVR_IRQHandler
                0x08000b2c                TIM8_UP_TIM13_IRQHandler
                0x08000b2c                I2C3_ER_IRQHandler
                0x08000b2c                DFSDM1_FLT2_IRQHandler
                0x08000b2c                I2C5_EV_IRQHandler
                0x08000b2c                MDMA_IRQHandler
                0x08000b2c                LPTIM3_IRQHandler
                0x08000b2c                HSEM1_IRQHandler
                0x08000b2c                EXTI0_IRQHandler
                0x08000b2c                I2C2_EV_IRQHandler
                0x08000b2c                OTG_HS_WKUP_IRQHandler
                0x08000b2c                LTDC_ER_IRQHandler
                0x08000b2c                DMA2_Stream2_IRQHandler
                0x08000b2c                SPI1_IRQHandler
                0x08000b2c                OCTOSPI1_IRQHandler
                0x08000b2c                TIM6_DAC_IRQHandler
                0x08000b2c                DMA2_Stream3_IRQHandler
                0x08000b2c                OCTOSPI2_IRQHandler
                0x08000b2c                DFSDM1_FLT3_IRQHandler
                0x08000b2c                TIM23_IRQHandler
                0x08000b2c                USART6_IRQHandler
                0x08000b2c                TIM17_IRQHandler
                0x08000b2c                BDMA_Channel7_IRQHandler
                0x08000b2c                LPTIM5_IRQHandler
                0x08000b2c                ADC3_IRQHandler
                0x08000b2c                TIM4_IRQHandler
                0x08000b2c                BDMA_Channel2_IRQHandler
                0x08000b2c                I2C1_EV_IRQHandler
                0x08000b2c                DMAMUX1_OVR_IRQHandler
                0x08000b2c                TIM16_IRQHandler
                0x08000b2c                UART4_IRQHandler
                0x08000b2c                BDMA_Channel5_IRQHandler
                0x08000b2c                TIM3_IRQHandler
                0x08000b2c                RCC_IRQHandler
                0x08000b2c                UART9_IRQHandler
                0x08000b2c                TIM8_BRK_TIM12_IRQHandler
                0x08000b2c                TIM1_TRG_COM_IRQHandler
                0x08000b2c                Default_Handler
                0x08000b2c                ECC_IRQHandler
                0x08000b2c                FMAC_IRQHandler
                0x08000b2c                CEC_IRQHandler
                0x08000b2c                BDMA_Channel0_IRQHandler
                0x08000b2c                ADC_IRQHandler
                0x08000b2c                I2C5_ER_IRQHandler
                0x08000b2c                SPI5_IRQHandler
                0x08000b2c                TIM7_IRQHandler
                0x08000b2c                SDMMC1_IRQHandler
                0x08000b2c                TIM5_IRQHandler
                0x08000b2c                DMA2_Stream7_IRQHandler
                0x08000b2c                TIM15_IRQHandler
                0x08000b2c                PVD_AVD_IRQHandler
                0x08000b2c                I2C3_EV_IRQHandler
                0x08000b2c                EXTI9_5_IRQHandler
                0x08000b2c                RTC_WKUP_IRQHandler
                0x08000b2c                LTDC_IRQHandler
                0x08000b2c                ETH_WKUP_IRQHandler
                0x08000b2c                SPDIF_RX_IRQHandler
                0x08000b2c                SPI2_IRQHandler
                0x08000b2c                OTG_HS_EP1_IN_IRQHandler
                0x08000b2c                TIM24_IRQHandler
                0x08000b2c                CRS_IRQHandler
                0x08000b2c                EXTI4_IRQHandler
                0x08000b2c                RNG_IRQHandler
                0x08000b2c                ETH_IRQHandler
                0x08000b2c                TIM1_UP_IRQHandler
                0x08000b2c                BDMA_Channel4_IRQHandler
                0x08000b2c                OTG_HS_EP1_OUT_IRQHandler
                0x08000b2c                WWDG_IRQHandler
                0x08000b2c                SPI6_IRQHandler
                0x08000b2c                MDIOS_IRQHandler
                0x08000b2c                I2C4_EV_IRQHandler
                0x08000b2c                LPUART1_IRQHandler
                0x08000b2c                TIM2_IRQHandler
                0x08000b2c                DMA2D_IRQHandler
                0x08000b2c                TIM1_BRK_IRQHandler
                0x08000b2c                EXTI1_IRQHandler
                0x08000b2c                SDMMC2_IRQHandler
                0x08000b2c                BDMA_Channel3_IRQHandler
                0x08000b2c                DTS_IRQHandler
                0x08000b2c                MDIOS_WKUP_IRQHandler
                0x08000b2c                DFSDM1_FLT0_IRQHandler
                0x08000b2c                SAI4_IRQHandler
                0x08000b2c                I2C2_ER_IRQHandler
                0x08000b2c                FLASH_IRQHandler
                0x08000b2c                DMA2_Stream4_IRQHandler
                0x08000b2c                SPI3_IRQHandler
                0x08000b2c                WAKEUP_PIN_IRQHandler
                0x08000b2c                I2C1_ER_IRQHandler
                0x08000b2c                FMC_IRQHandler
                0x08000b2c                FDCAN_CAL_IRQHandler
                0x08000b2c                SWPMI1_IRQHandler
                0x08000b2c                COMP1_IRQHandler
                0x08000b2c                LPTIM1_IRQHandler
                0x08000b2c                DCMI_PSSI_IRQHandler
                0x08000b2c                I2C4_ER_IRQHandler
                0x08000b2c                DMA2_Stream6_IRQHandler
                0x08000b2c                SAI1_IRQHandler
 *fill*         0x08000b2e        0x2 
 .text.HAL_IncTick
                0x08000b30       0x18 CMakeFiles/zig_lib.elf.dir/Drivers/STM32H7xx_HAL_Driver/Src/stm32h7xx_hal.c.obj
                0x08000b30                HAL_IncTick
 .text.HAL_GetTick
                0x08000b48        0xc CMakeFiles/zig_lib.elf.dir/Drivers/STM32H7xx_HAL_Driver/Src/stm32h7xx_hal.c.obj
                0x08000b48                HAL_GetTick
 .text.HAL_DMA_Abort
                0x08000b54      0x33c CMakeFiles/zig_lib.elf.dir/Drivers/STM32H7xx_HAL_Driver/Src/stm32h7xx_hal_dma.c.obj
                0x08000b54                HAL_DMA_Abort
 .text.HAL_DMA_Abort_IT
                0x08000e90      0x26c CMakeFiles/zig_lib.elf.dir/Drivers/STM32H7xx_HAL_Driver/Src/stm32h7xx_hal_dma.c.obj
                0x08000e90                HAL_DMA_Abort_IT
 .text.HAL_DMA_IRQHandler
                0x080010fc      0x734 CMakeFiles/zig_lib.elf.dir/Drivers/STM32H7xx_HAL_Driver/Src/stm32h7xx_hal_dma.c.obj
                0x080010fc                HAL_DMA_IRQHandler
 .text.HAL_FDCAN_ClockCalibrationCallback
                0x08001830        0x2 CMakeFiles/zig_lib.elf.dir/Drivers/STM32H7xx_HAL_Driver/Src/stm32h7xx_hal_fdcan.c.obj
                0x08001830                HAL_FDCAN_ClockCalibrationCallback
 .text.HAL_FDCAN_TxEventFifoCallback
                0x08001832        0x2 CMakeFiles/zig_lib.elf.dir/Drivers/STM32H7xx_HAL_Driver/Src/stm32h7xx_hal_fdcan.c.obj
                0x08001832                HAL_FDCAN_TxEventFifoCallback
 .text.HAL_FDCAN_RxFifo0Callback
                0x08001834        0x2 CMakeFiles/zig_lib.elf.dir/Drivers/STM32H7xx_HAL_Driver/Src/stm32h7xx_hal_fdcan.c.obj
                0x08001834                HAL_FDCAN_RxFifo0Callback
 .text.HAL_FDCAN_RxFifo1Callback
                0x08001836        0x2 CMakeFiles/zig_lib.elf.dir/Drivers/STM32H7xx_HAL_Driver/Src/stm32h7xx_hal_fdcan.c.obj
                0x08001836                HAL_FDCAN_RxFifo1Callback
 .text.HAL_FDCAN_TxFifoEmptyCallback
                0x08001838        0x2 CMakeFiles/zig_lib.elf.dir/Drivers/STM32H7xx_HAL_Driver/Src/stm32h7xx_hal_fdcan.c.obj
                0x08001838                HAL_FDCAN_TxFifoEmptyCallback
 .text.HAL_FDCAN_TxBufferCompleteCallback
                0x0800183a        0x2 CMakeFiles/zig_lib.elf.dir/Drivers/STM32H7xx_HAL_Driver/Src/stm32h7xx_hal_fdcan.c.obj
                0x0800183a                HAL_FDCAN_TxBufferCompleteCallback
 .text.HAL_FDCAN_TxBufferAbortCallback
                0x0800183c        0x2 CMakeFiles/zig_lib.elf.dir/Drivers/STM32H7xx_HAL_Driver/Src/stm32h7xx_hal_fdcan.c.obj
                0x0800183c                HAL_FDCAN_TxBufferAbortCallback
 .text.HAL_FDCAN_RxBufferNewMessageCallback
                0x0800183e        0x2 CMakeFiles/zig_lib.elf.dir/Drivers/STM32H7xx_HAL_Driver/Src/stm32h7xx_hal_fdcan.c.obj
                0x0800183e                HAL_FDCAN_RxBufferNewMessageCallback
 .text.HAL_FDCAN_TimestampWraparoundCallback
                0x08001840        0x2 CMakeFiles/zig_lib.elf.dir/Drivers/STM32H7xx_HAL_Driver/Src/stm32h7xx_hal_fdcan.c.obj
                0x08001840                HAL_FDCAN_TimestampWraparoundCallback
 .text.HAL_FDCAN_TimeoutOccurredCallback
                0x08001842        0x2 CMakeFiles/zig_lib.elf.dir/Drivers/STM32H7xx_HAL_Driver/Src/stm32h7xx_hal_fdcan.c.obj
                0x08001842                HAL_FDCAN_TimeoutOccurredCallback
 .text.HAL_FDCAN_HighPriorityMessageCallback
                0x08001844        0x2 CMakeFiles/zig_lib.elf.dir/Drivers/STM32H7xx_HAL_Driver/Src/stm32h7xx_hal_fdcan.c.obj
                0x08001844                HAL_FDCAN_HighPriorityMessageCallback
 .text.HAL_FDCAN_ErrorCallback
                0x08001846        0x2 CMakeFiles/zig_lib.elf.dir/Drivers/STM32H7xx_HAL_Driver/Src/stm32h7xx_hal_fdcan.c.obj
                0x08001846                HAL_FDCAN_ErrorCallback
 .text.HAL_FDCAN_ErrorStatusCallback
                0x08001848        0x2 CMakeFiles/zig_lib.elf.dir/Drivers/STM32H7xx_HAL_Driver/Src/stm32h7xx_hal_fdcan.c.obj
                0x08001848                HAL_FDCAN_ErrorStatusCallback
 .text.HAL_FDCAN_TT_ScheduleSyncCallback
                0x0800184a        0x2 CMakeFiles/zig_lib.elf.dir/Drivers/STM32H7xx_HAL_Driver/Src/stm32h7xx_hal_fdcan.c.obj
                0x0800184a                HAL_FDCAN_TT_ScheduleSyncCallback
 .text.HAL_FDCAN_TT_TimeMarkCallback
                0x0800184c        0x2 CMakeFiles/zig_lib.elf.dir/Drivers/STM32H7xx_HAL_Driver/Src/stm32h7xx_hal_fdcan.c.obj
                0x0800184c                HAL_FDCAN_TT_TimeMarkCallback
 .text.HAL_FDCAN_TT_StopWatchCallback
                0x0800184e        0x2 CMakeFiles/zig_lib.elf.dir/Drivers/STM32H7xx_HAL_Driver/Src/stm32h7xx_hal_fdcan.c.obj
                0x0800184e                HAL_FDCAN_TT_StopWatchCallback
 .text.HAL_FDCAN_TT_GlobalTimeCallback
                0x08001850        0x2 CMakeFiles/zig_lib.elf.dir/Drivers/STM32H7xx_HAL_Driver/Src/stm32h7xx_hal_fdcan.c.obj
                0x08001850                HAL_FDCAN_TT_GlobalTimeCallback
 *fill*         0x08001852        0x2 
 .text.HAL_FDCAN_IRQHandler
                0x08001854      0x320 CMakeFiles/zig_lib.elf.dir/Drivers/STM32H7xx_HAL_Driver/Src/stm32h7xx_hal_fdcan.c.obj
                0x08001854                HAL_FDCAN_IRQHandler
 .text.HAL_GPIO_EXTI_Callback
                0x08001b74        0x2 CMakeFiles/zig_lib.elf.dir/Drivers/STM32H7xx_HAL_Driver/Src/stm32h7xx_hal_gpio.c.obj
                0x08001b74                HAL_GPIO_EXTI_Callback
 .text.HAL_GPIO_EXTI_IRQHandler
                0x08001b76       0x1e CMakeFiles/zig_lib.elf.dir/Drivers/STM32H7xx_HAL_Driver/Src/stm32h7xx_hal_gpio.c.obj
                0x08001b76                HAL_GPIO_EXTI_IRQHandler
 .text.PCD_WriteEmptyTxFifo
                0x08001b94       0xd0 CMakeFiles/zig_lib.elf.dir/Drivers/STM32H7xx_HAL_Driver/Src/stm32h7xx_hal_pcd.c.obj
 .text.PCD_EP_OutXfrComplete_int
                0x08001c64      0x104 CMakeFiles/zig_lib.elf.dir/Drivers/STM32H7xx_HAL_Driver/Src/stm32h7xx_hal_pcd.c.obj
 .text.PCD_EP_OutSetupPacket_int
                0x08001d68       0x50 CMakeFiles/zig_lib.elf.dir/Drivers/STM32H7xx_HAL_Driver/Src/stm32h7xx_hal_pcd.c.obj
 .text.HAL_PCD_SetAddress
                0x08001db8       0x26 CMakeFiles/zig_lib.elf.dir/Drivers/STM32H7xx_HAL_Driver/Src/stm32h7xx_hal_pcd.c.obj
                0x08001db8                HAL_PCD_SetAddress
 .text.HAL_PCD_EP_Open
                0x08001dde       0x8c CMakeFiles/zig_lib.elf.dir/Drivers/STM32H7xx_HAL_Driver/Src/stm32h7xx_hal_pcd.c.obj
                0x08001dde                HAL_PCD_EP_Open
 .text.HAL_PCD_EP_Receive
                0x08001e6a       0x4a CMakeFiles/zig_lib.elf.dir/Drivers/STM32H7xx_HAL_Driver/Src/stm32h7xx_hal_pcd.c.obj
                0x08001e6a                HAL_PCD_EP_Receive
 .text.HAL_PCD_EP_Transmit
                0x08001eb4       0x4a CMakeFiles/zig_lib.elf.dir/Drivers/STM32H7xx_HAL_Driver/Src/stm32h7xx_hal_pcd.c.obj
                0x08001eb4                HAL_PCD_EP_Transmit
 .text.HAL_PCD_EP_SetStall
                0x08001efe       0x86 CMakeFiles/zig_lib.elf.dir/Drivers/STM32H7xx_HAL_Driver/Src/stm32h7xx_hal_pcd.c.obj
                0x08001efe                HAL_PCD_EP_SetStall
 .text.HAL_PCD_EP_ClrStall
                0x08001f84       0x74 CMakeFiles/zig_lib.elf.dir/Drivers/STM32H7xx_HAL_Driver/Src/stm32h7xx_hal_pcd.c.obj
                0x08001f84                HAL_PCD_EP_ClrStall
 .text.HAL_PCD_EP_Abort
                0x08001ff8       0x34 CMakeFiles/zig_lib.elf.dir/Drivers/STM32H7xx_HAL_Driver/Src/stm32h7xx_hal_pcd.c.obj
                0x08001ff8                HAL_PCD_EP_Abort
 .text.HAL_PCD_IRQHandler
                0x0800202c      0x600 CMakeFiles/zig_lib.elf.dir/Drivers/STM32H7xx_HAL_Driver/Src/stm32h7xx_hal_pcd.c.obj
                0x0800202c                HAL_PCD_IRQHandler
 .text.HAL_PCDEx_LPM_Callback
                0x0800262c        0x2 CMakeFiles/zig_lib.elf.dir/Drivers/STM32H7xx_HAL_Driver/Src/stm32h7xx_hal_pcd_ex.c.obj
                0x0800262c                HAL_PCDEx_LPM_Callback
 *fill*         0x0800262e        0x2 
 .text.HAL_RCC_GetSysClockFreq
                0x08002630      0x224 CMakeFiles/zig_lib.elf.dir/Drivers/STM32H7xx_HAL_Driver/Src/stm32h7xx_hal_rcc.c.obj
                0x08002630                HAL_RCC_GetSysClockFreq
 .text.HAL_RCC_GetHCLKFreq
                0x08002854       0x44 CMakeFiles/zig_lib.elf.dir/Drivers/STM32H7xx_HAL_Driver/Src/stm32h7xx_hal_rcc.c.obj
                0x08002854                HAL_RCC_GetHCLKFreq
 .text.UART_EndRxTransfer
                0x08002898       0x58 CMakeFiles/zig_lib.elf.dir/Drivers/STM32H7xx_HAL_Driver/Src/stm32h7xx_hal_uart.c.obj
 .text.HAL_UART_TxCpltCallback
                0x080028f0        0x2 CMakeFiles/zig_lib.elf.dir/Drivers/STM32H7xx_HAL_Driver/Src/stm32h7xx_hal_uart.c.obj
                0x080028f0                HAL_UART_TxCpltCallback
 .text.UART_EndTransmit_IT
                0x080028f2       0x24 CMakeFiles/zig_lib.elf.dir/Drivers/STM32H7xx_HAL_Driver/Src/stm32h7xx_hal_uart.c.obj
 .text.HAL_UART_ErrorCallback
                0x08002916        0x2 CMakeFiles/zig_lib.elf.dir/Drivers/STM32H7xx_HAL_Driver/Src/stm32h7xx_hal_uart.c.obj
                0x08002916                HAL_UART_ErrorCallback
 .text.UART_DMAAbortOnError
                0x08002918       0x10 CMakeFiles/zig_lib.elf.dir/Drivers/STM32H7xx_HAL_Driver/Src/stm32h7xx_hal_uart.c.obj
 .text.HAL_UARTEx_RxEventCallback
                0x08002928        0x2 CMakeFiles/zig_lib.elf.dir/Drivers/STM32H7xx_HAL_Driver/Src/stm32h7xx_hal_uart.c.obj
                0x08002928                HAL_UARTEx_RxEventCallback
 *fill*         0x0800292a        0x2 
 .text.HAL_UART_IRQHandler
                0x0800292c      0x3d0 CMakeFiles/zig_lib.elf.dir/Drivers/STM32H7xx_HAL_Driver/Src/stm32h7xx_hal_uart.c.obj
                0x0800292c                HAL_UART_IRQHandler
 .text.HAL_UARTEx_WakeupCallback
                0x08002cfc        0x2 CMakeFiles/zig_lib.elf.dir/Drivers/STM32H7xx_HAL_Driver/Src/stm32h7xx_hal_uart_ex.c.obj
                0x08002cfc                HAL_UARTEx_WakeupCallback
 .text.HAL_UARTEx_RxFifoFullCallback
                0x08002cfe        0x2 CMakeFiles/zig_lib.elf.dir/Drivers/STM32H7xx_HAL_Driver/Src/stm32h7xx_hal_uart_ex.c.obj
                0x08002cfe                HAL_UARTEx_RxFifoFullCallback
 .text.HAL_UARTEx_TxFifoEmptyCallback
                0x08002d00        0x2 CMakeFiles/zig_lib.elf.dir/Drivers/STM32H7xx_HAL_Driver/Src/stm32h7xx_hal_uart_ex.c.obj
                0x08002d00                HAL_UARTEx_TxFifoEmptyCallback
 *fill*         0x08002d02        0x2 
 .text.USB_SetTurnaroundTime
                0x08002d04       0xe4 CMakeFiles/zig_lib.elf.dir/Drivers/STM32H7xx_HAL_Driver/Src/stm32h7xx_ll_usb.c.obj
                0x08002d04                USB_SetTurnaroundTime
 .text.USB_FlushTxFifo
                0x08002de8       0x4a CMakeFiles/zig_lib.elf.dir/Drivers/STM32H7xx_HAL_Driver/Src/stm32h7xx_ll_usb.c.obj
                0x08002de8                USB_FlushTxFifo
 .text.USB_GetDevSpeed
                0x08002e32       0x22 CMakeFiles/zig_lib.elf.dir/Drivers/STM32H7xx_HAL_Driver/Src/stm32h7xx_ll_usb.c.obj
                0x08002e32                USB_GetDevSpeed
 .text.USB_ActivateEndpoint
                0x08002e54       0x98 CMakeFiles/zig_lib.elf.dir/Drivers/STM32H7xx_HAL_Driver/Src/stm32h7xx_ll_usb.c.obj
                0x08002e54                USB_ActivateEndpoint
 .text.USB_EPStopXfer
                0x08002eec       0xbc CMakeFiles/zig_lib.elf.dir/Drivers/STM32H7xx_HAL_Driver/Src/stm32h7xx_ll_usb.c.obj
                0x08002eec                USB_EPStopXfer
 .text.USB_WritePacket
                0x08002fa8       0x2e CMakeFiles/zig_lib.elf.dir/Drivers/STM32H7xx_HAL_Driver/Src/stm32h7xx_ll_usb.c.obj
                0x08002fa8                USB_WritePacket
 *fill*         0x08002fd6        0x2 
 .text.USB_EPStartXfer
                0x08002fd8      0x244 CMakeFiles/zig_lib.elf.dir/Drivers/STM32H7xx_HAL_Driver/Src/stm32h7xx_ll_usb.c.obj
                0x08002fd8                USB_EPStartXfer
 .text.USB_ReadPacket
                0x0800321c       0x46 CMakeFiles/zig_lib.elf.dir/Drivers/STM32H7xx_HAL_Driver/Src/stm32h7xx_ll_usb.c.obj
                0x0800321c                USB_ReadPacket
 .text.USB_EPSetStall
                0x08003262       0x5a CMakeFiles/zig_lib.elf.dir/Drivers/STM32H7xx_HAL_Driver/Src/stm32h7xx_ll_usb.c.obj
                0x08003262                USB_EPSetStall
 .text.USB_EPClearStall
                0x080032bc       0x5c CMakeFiles/zig_lib.elf.dir/Drivers/STM32H7xx_HAL_Driver/Src/stm32h7xx_ll_usb.c.obj
                0x080032bc                USB_EPClearStall
 .text.USB_SetDevAddress
                0x08003318       0x20 CMakeFiles/zig_lib.elf.dir/Drivers/STM32H7xx_HAL_Driver/Src/stm32h7xx_ll_usb.c.obj
                0x08003318                USB_SetDevAddress
 .text.USB_ReadInterrupts
                0x08003338        0x8 CMakeFiles/zig_lib.elf.dir/Drivers/STM32H7xx_HAL_Driver/Src/stm32h7xx_ll_usb.c.obj
                0x08003338                USB_ReadInterrupts
 .text.USB_ReadDevAllOutEpInterrupt
                0x08003340       0x10 CMakeFiles/zig_lib.elf.dir/Drivers/STM32H7xx_HAL_Driver/Src/stm32h7xx_ll_usb.c.obj
                0x08003340                USB_ReadDevAllOutEpInterrupt
 .text.USB_ReadDevAllInEpInterrupt
                0x08003350       0x10 CMakeFiles/zig_lib.elf.dir/Drivers/STM32H7xx_HAL_Driver/Src/stm32h7xx_ll_usb.c.obj
                0x08003350                USB_ReadDevAllInEpInterrupt
 .text.USB_ReadDevOutEPInterrupt
                0x08003360       0x12 CMakeFiles/zig_lib.elf.dir/Drivers/STM32H7xx_HAL_Driver/Src/stm32h7xx_ll_usb.c.obj
                0x08003360                USB_ReadDevOutEPInterrupt
 .text.USB_ReadDevInEPInterrupt
                0x08003372       0x24 CMakeFiles/zig_lib.elf.dir/Drivers/STM32H7xx_HAL_Driver/Src/stm32h7xx_ll_usb.c.obj
                0x08003372                USB_ReadDevInEPInterrupt
 .text.USB_GetMode
                0x08003396        0x8 CMakeFiles/zig_lib.elf.dir/Drivers/STM32H7xx_HAL_Driver/Src/stm32h7xx_ll_usb.c.obj
                0x08003396                USB_GetMode
 .text.USB_ActivateSetup
                0x0800339e       0x1c CMakeFiles/zig_lib.elf.dir/Drivers/STM32H7xx_HAL_Driver/Src/stm32h7xx_ll_usb.c.obj
                0x0800339e                USB_ActivateSetup
 *fill*         0x080033ba        0x2 
 .text.USB_EP0_OutStart
                0x080033bc       0x5c CMakeFiles/zig_lib.elf.dir/Drivers/STM32H7xx_HAL_Driver/Src/stm32h7xx_ll_usb.c.obj
                0x080033bc                USB_EP0_OutStart
 .text.USBD_SetClassConfig
                0x08003418       0x12 CMakeFiles/zig_lib.elf.dir/Middlewares/ST/STM32_USB_Device_Library/Core/Src/usbd_core.c.obj
                0x08003418                USBD_SetClassConfig
 .text.USBD_ClrClassConfig
                0x0800342a       0x12 CMakeFiles/zig_lib.elf.dir/Middlewares/ST/STM32_USB_Device_Library/Core/Src/usbd_core.c.obj
                0x0800342a                USBD_ClrClassConfig
 .text.USBD_LL_SetupStage
                0x0800343c       0x58 CMakeFiles/zig_lib.elf.dir/Middlewares/ST/STM32_USB_Device_Library/Core/Src/usbd_core.c.obj
                0x0800343c                USBD_LL_SetupStage
 .text.USBD_LL_Reset
                0x08003494       0x64 CMakeFiles/zig_lib.elf.dir/Middlewares/ST/STM32_USB_Device_Library/Core/Src/usbd_core.c.obj
                0x08003494                USBD_LL_Reset
 .text.USBD_LL_SetSpeed
                0x080034f8        0x6 CMakeFiles/zig_lib.elf.dir/Middlewares/ST/STM32_USB_Device_Library/Core/Src/usbd_core.c.obj
                0x080034f8                USBD_LL_SetSpeed
 .text.USBD_LL_Suspend
                0x080034fe       0x1c CMakeFiles/zig_lib.elf.dir/Middlewares/ST/STM32_USB_Device_Library/Core/Src/usbd_core.c.obj
                0x080034fe                USBD_LL_Suspend
 .text.USBD_LL_Resume
                0x0800351a       0x18 CMakeFiles/zig_lib.elf.dir/Middlewares/ST/STM32_USB_Device_Library/Core/Src/usbd_core.c.obj
                0x0800351a                USBD_LL_Resume
 .text.USBD_LL_SOF
                0x08003532       0x20 CMakeFiles/zig_lib.elf.dir/Middlewares/ST/STM32_USB_Device_Library/Core/Src/usbd_core.c.obj
                0x08003532                USBD_LL_SOF
 .text.USBD_LL_IsoINIncomplete
                0x08003552       0x2c CMakeFiles/zig_lib.elf.dir/Middlewares/ST/STM32_USB_Device_Library/Core/Src/usbd_core.c.obj
                0x08003552                USBD_LL_IsoINIncomplete
 .text.USBD_LL_IsoOUTIncomplete
                0x0800357e       0x2c CMakeFiles/zig_lib.elf.dir/Middlewares/ST/STM32_USB_Device_Library/Core/Src/usbd_core.c.obj
                0x0800357e                USBD_LL_IsoOUTIncomplete
 .text.USBD_LL_DevConnected
                0x080035aa        0x4 CMakeFiles/zig_lib.elf.dir/Middlewares/ST/STM32_USB_Device_Library/Core/Src/usbd_core.c.obj
                0x080035aa                USBD_LL_DevConnected
 .text.USBD_LL_DevDisconnected
                0x080035ae       0x20 CMakeFiles/zig_lib.elf.dir/Middlewares/ST/STM32_USB_Device_Library/Core/Src/usbd_core.c.obj
                0x080035ae                USBD_LL_DevDisconnected
 .text.USBD_CoreFindIF
                0x080035ce        0x4 CMakeFiles/zig_lib.elf.dir/Middlewares/ST/STM32_USB_Device_Library/Core/Src/usbd_core.c.obj
                0x080035ce                USBD_CoreFindIF
 .text.USBD_CoreFindEP
                0x080035d2        0x4 CMakeFiles/zig_lib.elf.dir/Middlewares/ST/STM32_USB_Device_Library/Core/Src/usbd_core.c.obj
                0x080035d2                USBD_CoreFindEP
 .text.USBD_LL_DataOutStage
                0x080035d6       0xc0 CMakeFiles/zig_lib.elf.dir/Middlewares/ST/STM32_USB_Device_Library/Core/Src/usbd_core.c.obj
                0x080035d6                USBD_LL_DataOutStage
 .text.USBD_LL_DataInStage
                0x08003696       0xd2 CMakeFiles/zig_lib.elf.dir/Middlewares/ST/STM32_USB_Device_Library/Core/Src/usbd_core.c.obj
                0x08003696                USBD_LL_DataInStage
 .text.USBD_ParseSetupRequest
                0x08003768       0x28 CMakeFiles/zig_lib.elf.dir/Middlewares/ST/STM32_USB_Device_Library/Core/Src/usbd_ctlreq.c.obj
                0x08003768                USBD_ParseSetupRequest
 .text.USBD_CtlError
                0x08003790       0x14 CMakeFiles/zig_lib.elf.dir/Middlewares/ST/STM32_USB_Device_Library/Core/Src/usbd_ctlreq.c.obj
                0x08003790                USBD_CtlError
 .text.USBD_GetDescriptor
                0x080037a4      0x1ac CMakeFiles/zig_lib.elf.dir/Middlewares/ST/STM32_USB_Device_Library/Core/Src/usbd_ctlreq.c.obj
 .text.USBD_SetAddress
                0x08003950       0x4e CMakeFiles/zig_lib.elf.dir/Middlewares/ST/STM32_USB_Device_Library/Core/Src/usbd_ctlreq.c.obj
 *fill*         0x0800399e        0x2 
 .text.USBD_SetConfig
                0x080039a0       0xcc CMakeFiles/zig_lib.elf.dir/Middlewares/ST/STM32_USB_Device_Library/Core/Src/usbd_ctlreq.c.obj
 .text.USBD_GetConfig
                0x08003a6c       0x40 CMakeFiles/zig_lib.elf.dir/Middlewares/ST/STM32_USB_Device_Library/Core/Src/usbd_ctlreq.c.obj
 .text.USBD_GetStatus
                0x08003aac       0x38 CMakeFiles/zig_lib.elf.dir/Middlewares/ST/STM32_USB_Device_Library/Core/Src/usbd_ctlreq.c.obj
 .text.USBD_SetFeature
                0x08003ae4       0x2a CMakeFiles/zig_lib.elf.dir/Middlewares/ST/STM32_USB_Device_Library/Core/Src/usbd_ctlreq.c.obj
 .text.USBD_ClrFeature
                0x08003b0e       0x26 CMakeFiles/zig_lib.elf.dir/Middlewares/ST/STM32_USB_Device_Library/Core/Src/usbd_ctlreq.c.obj
 .text.USBD_StdDevReq
                0x08003b34       0x76 CMakeFiles/zig_lib.elf.dir/Middlewares/ST/STM32_USB_Device_Library/Core/Src/usbd_ctlreq.c.obj
                0x08003b34                USBD_StdDevReq
 .text.USBD_StdItfReq
                0x08003baa       0x84 CMakeFiles/zig_lib.elf.dir/Middlewares/ST/STM32_USB_Device_Library/Core/Src/usbd_ctlreq.c.obj
                0x08003baa                USBD_StdItfReq
 .text.USBD_StdEPReq
                0x08003c2e      0x23a CMakeFiles/zig_lib.elf.dir/Middlewares/ST/STM32_USB_Device_Library/Core/Src/usbd_ctlreq.c.obj
                0x08003c2e                USBD_StdEPReq
 .text.USBD_CtlSendData
                0x08003e68       0x1a CMakeFiles/zig_lib.elf.dir/Middlewares/ST/STM32_USB_Device_Library/Core/Src/usbd_ioreq.c.obj
                0x08003e68                USBD_CtlSendData
 .text.USBD_CtlContinueSendData
                0x08003e82       0x10 CMakeFiles/zig_lib.elf.dir/Middlewares/ST/STM32_USB_Device_Library/Core/Src/usbd_ioreq.c.obj
                0x08003e82                USBD_CtlContinueSendData
 .text.USBD_CtlContinueRx
                0x08003e92       0x10 CMakeFiles/zig_lib.elf.dir/Middlewares/ST/STM32_USB_Device_Library/Core/Src/usbd_ioreq.c.obj
                0x08003e92                USBD_CtlContinueRx
 .text.USBD_CtlSendStatus
                0x08003ea2       0x16 CMakeFiles/zig_lib.elf.dir/Middlewares/ST/STM32_USB_Device_Library/Core/Src/usbd_ioreq.c.obj
                0x08003ea2                USBD_CtlSendStatus
 .text.USBD_CtlReceiveStatus
                0x08003eb8       0x16 CMakeFiles/zig_lib.elf.dir/Middlewares/ST/STM32_USB_Device_Library/Core/Src/usbd_ioreq.c.obj
                0x08003eb8                USBD_CtlReceiveStatus
 .text.HAL_PCD_SetupStageCallback
                0x08003ece       0x10 CMakeFiles/zig_lib.elf.dir/USB_DEVICE/Target/usbd_conf.c.obj
                0x08003ece                HAL_PCD_SetupStageCallback
 .text.HAL_PCD_DataOutStageCallback
                0x08003ede       0x18 CMakeFiles/zig_lib.elf.dir/USB_DEVICE/Target/usbd_conf.c.obj
                0x08003ede                HAL_PCD_DataOutStageCallback
 .text.HAL_PCD_DataInStageCallback
                0x08003ef6       0x16 CMakeFiles/zig_lib.elf.dir/USB_DEVICE/Target/usbd_conf.c.obj
                0x08003ef6                HAL_PCD_DataInStageCallback
 .text.HAL_PCD_SOFCallback
                0x08003f0c        0xc CMakeFiles/zig_lib.elf.dir/USB_DEVICE/Target/usbd_conf.c.obj
                0x08003f0c                HAL_PCD_SOFCallback
 .text.HAL_PCD_ResetCallback
                0x08003f18       0x28 CMakeFiles/zig_lib.elf.dir/USB_DEVICE/Target/usbd_conf.c.obj
                0x08003f18                HAL_PCD_ResetCallback
 .text.HAL_PCD_SuspendCallback
                0x08003f40       0x30 CMakeFiles/zig_lib.elf.dir/USB_DEVICE/Target/usbd_conf.c.obj
                0x08003f40                HAL_PCD_SuspendCallback
 .text.HAL_PCD_ResumeCallback
                0x08003f70        0xc CMakeFiles/zig_lib.elf.dir/USB_DEVICE/Target/usbd_conf.c.obj
                0x08003f70                HAL_PCD_ResumeCallback
 .text.HAL_PCD_ISOOUTIncompleteCallback
                0x08003f7c        0xc CMakeFiles/zig_lib.elf.dir/USB_DEVICE/Target/usbd_conf.c.obj
                0x08003f7c                HAL_PCD_ISOOUTIncompleteCallback
 .text.HAL_PCD_ISOINIncompleteCallback
                0x08003f88        0xc CMakeFiles/zig_lib.elf.dir/USB_DEVICE/Target/usbd_conf.c.obj
                0x08003f88                HAL_PCD_ISOINIncompleteCallback
 .text.HAL_PCD_ConnectCallback
                0x08003f94        0xc CMakeFiles/zig_lib.elf.dir/USB_DEVICE/Target/usbd_conf.c.obj
                0x08003f94                HAL_PCD_ConnectCallback
 .text.HAL_PCD_DisconnectCallback
                0x08003fa0        0xc CMakeFiles/zig_lib.elf.dir/USB_DEVICE/Target/usbd_conf.c.obj
                0x08003fa0                HAL_PCD_DisconnectCallback
 .text.USBD_LL_IsStallEP
                0x08003fac       0x2c CMakeFiles/zig_lib.elf.dir/USB_DEVICE/Target/usbd_conf.c.obj
                0x08003fac                USBD_LL_IsStallEP
 .text.USBD_Get_USB_Status
                0x08003fd8       0x14 CMakeFiles/zig_lib.elf.dir/USB_DEVICE/Target/usbd_conf.c.obj
                0x08003fd8                USBD_Get_USB_Status
 .text.USBD_LL_OpenEP
                0x08003fec       0x16 CMakeFiles/zig_lib.elf.dir/USB_DEVICE/Target/usbd_conf.c.obj
                0x08003fec                USBD_LL_OpenEP
 .text.USBD_LL_StallEP
                0x08004002       0x10 CMakeFiles/zig_lib.elf.dir/USB_DEVICE/Target/usbd_conf.c.obj
                0x08004002                USBD_LL_StallEP
 .text.USBD_LL_ClearStallEP
                0x08004012       0x10 CMakeFiles/zig_lib.elf.dir/USB_DEVICE/Target/usbd_conf.c.obj
                0x08004012                USBD_LL_ClearStallEP
 .text.USBD_LL_SetUSBAddress
                0x08004022       0x10 CMakeFiles/zig_lib.elf.dir/USB_DEVICE/Target/usbd_conf.c.obj
                0x08004022                USBD_LL_SetUSBAddress
 .text.USBD_LL_Transmit
                0x08004032       0x10 CMakeFiles/zig_lib.elf.dir/USB_DEVICE/Target/usbd_conf.c.obj
                0x08004032                USBD_LL_Transmit
 .text.USBD_LL_PrepareReceive
                0x08004042       0x10 CMakeFiles/zig_lib.elf.dir/USB_DEVICE/Target/usbd_conf.c.obj
                0x08004042                USBD_LL_PrepareReceive
 *fill*         0x08004052        0x2 
 .text.__libc_init_array
                0x08004054       0x50 D:/MinGW/arm-gnu-toolchain-14.2.rel1-mingw-w64-i686-arm-none-eabi/bin/../lib/gcc/arm-none-eabi/14.2.1/thumb/v7e-m/nofp\libg.a(libc_a-init.o)
                0x08004054                __libc_init_array
 .text.__retarget_lock_acquire_recursive
                0x080040a4        0x4 D:/MinGW/arm-gnu-toolchain-14.2.rel1-mingw-w64-i686-arm-none-eabi/bin/../lib/gcc/arm-none-eabi/14.2.1/thumb/v7e-m/nofp\libg.a(libc_a-lock.o)
                0x080040a4                __retarget_lock_acquire_recursive
 .text.__retarget_lock_release_recursive
                0x080040a8        0x4 D:/MinGW/arm-gnu-toolchain-14.2.rel1-mingw-w64-i686-arm-none-eabi/bin/../lib/gcc/arm-none-eabi/14.2.1/thumb/v7e-m/nofp\libg.a(libc_a-lock.o)
                0x080040a8                __retarget_lock_release_recursive
 .text.startup.register_fini
                0x080040ac       0x14 D:/MinGW/arm-gnu-toolchain-14.2.rel1-mingw-w64-i686-arm-none-eabi/bin/../lib/gcc/arm-none-eabi/14.2.1/thumb/v7e-m/nofp\libg.a(libc_a-__call_atexit.o)
 .text.atexit   0x080040c0        0xc D:/MinGW/arm-gnu-toolchain-14.2.rel1-mingw-w64-i686-arm-none-eabi/bin/../lib/gcc/arm-none-eabi/14.2.1/thumb/v7e-m/nofp\libg.a(libc_a-atexit.o)
                0x080040c0                atexit
 .text.__libc_fini_array
                0x080040cc       0x28 D:/MinGW/arm-gnu-toolchain-14.2.rel1-mingw-w64-i686-arm-none-eabi/bin/../lib/gcc/arm-none-eabi/14.2.1/thumb/v7e-m/nofp\libg.a(libc_a-fini.o)
                0x080040cc                __libc_fini_array
 .text.__register_exitproc
                0x080040f4       0x80 D:/MinGW/arm-gnu-toolchain-14.2.rel1-mingw-w64-i686-arm-none-eabi/bin/../lib/gcc/arm-none-eabi/14.2.1/thumb/v7e-m/nofp\libg.a(libc_a-__atexit.o)
                0x080040f4                __register_exitproc
 *(.glue_7)
 .glue_7        0x08004174        0x0 linker stubs
 *(.glue_7t)
 .glue_7t       0x08004174        0x0 linker stubs
 *(.eh_frame)
 .eh_frame      0x08004174        0x0 D:/MinGW/arm-gnu-toolchain-14.2.rel1-mingw-w64-i686-arm-none-eabi/bin/../lib/gcc/arm-none-eabi/14.2.1/thumb/v7e-m/nofp/crtbegin.o
 *(.init)
 .init          0x08004174        0x4 D:/MinGW/arm-gnu-toolchain-14.2.rel1-mingw-w64-i686-arm-none-eabi/bin/../lib/gcc/arm-none-eabi/14.2.1/thumb/v7e-m/nofp/crti.o
                0x08004174                _init
 .init          0x08004178        0x8 D:/MinGW/arm-gnu-toolchain-14.2.rel1-mingw-w64-i686-arm-none-eabi/bin/../lib/gcc/arm-none-eabi/14.2.1/thumb/v7e-m/nofp/crtn.o
 *(.fini)
 .fini          0x08004180        0x4 D:/MinGW/arm-gnu-toolchain-14.2.rel1-mingw-w64-i686-arm-none-eabi/bin/../lib/gcc/arm-none-eabi/14.2.1/thumb/v7e-m/nofp/crti.o
                0x08004180                _fini
 .fini          0x08004184        0x8 D:/MinGW/arm-gnu-toolchain-14.2.rel1-mingw-w64-i686-arm-none-eabi/bin/../lib/gcc/arm-none-eabi/14.2.1/thumb/v7e-m/nofp/crtn.o
                0x0800418c                        . = ALIGN (0x4)
                0x0800418c                        _etext = .

.vfp11_veneer   0x0800418c        0x0
 .vfp11_veneer  0x0800418c        0x0 linker stubs

.v4_bx          0x0800418c        0x0
 .v4_bx         0x0800418c        0x0 linker stubs

.iplt           0x0800418c        0x0
 .iplt          0x0800418c        0x0 D:/MinGW/arm-gnu-toolchain-14.2.rel1-mingw-w64-i686-arm-none-eabi/bin/../lib/gcc/arm-none-eabi/14.2.1/thumb/v7e-m/nofp/crtbegin.o

.rodata         0x0800418c       0x10
                0x0800418c                        . = ALIGN (0x4)
 *(.rodata)
 *(.rodata*)
 .rodata.D1CorePrescTable
                0x0800418c       0x10 CMakeFiles/zig_lib.elf.dir/Core/Src/system_stm32h7xx.c.obj
                0x0800418c                D1CorePrescTable
                0x0800419c                        . = ALIGN (0x4)

.rel.dyn        0x0800419c        0x0
 .rel.iplt      0x0800419c        0x0 D:/MinGW/arm-gnu-toolchain-14.2.rel1-mingw-w64-i686-arm-none-eabi/bin/../lib/gcc/arm-none-eabi/14.2.1/thumb/v7e-m/nofp/crtbegin.o

.ARM.extab
 *(.ARM.extab* .gnu.linkonce.armextab.*)

.ARM            0x0800419c        0x0
                0x0800419c                        __exidx_start = .
 *(.ARM.exidx*)
                0x0800419c                        __exidx_end = .

.preinit_array  0x0800419c        0x0
                0x0800419c                        PROVIDE (__preinit_array_start = .)
 *(.preinit_array*)
                0x0800419c                        PROVIDE (__preinit_array_end = .)

.init_array     0x0800419c        0x8
                0x0800419c                        PROVIDE (__init_array_start = .)
 *(SORT_BY_NAME(.init_array.*))
 .init_array.00000
                0x0800419c        0x4 D:/MinGW/arm-gnu-toolchain-14.2.rel1-mingw-w64-i686-arm-none-eabi/bin/../lib/gcc/arm-none-eabi/14.2.1/thumb/v7e-m/nofp\libg.a(libc_a-__call_atexit.o)
 *(.init_array*)
 .init_array    0x080041a0        0x4 D:/MinGW/arm-gnu-toolchain-14.2.rel1-mingw-w64-i686-arm-none-eabi/bin/../lib/gcc/arm-none-eabi/14.2.1/thumb/v7e-m/nofp/crtbegin.o
                0x080041a4                        PROVIDE (__init_array_end = .)

.fini_array     0x080041a4        0x4
                0x080041a4                        PROVIDE (__fini_array_start = .)
 *(SORT_BY_NAME(.fini_array.*))
 *(.fini_array*)
 .fini_array    0x080041a4        0x4 D:/MinGW/arm-gnu-toolchain-14.2.rel1-mingw-w64-i686-arm-none-eabi/bin/../lib/gcc/arm-none-eabi/14.2.1/thumb/v7e-m/nofp/crtbegin.o
                0x080041a8                        PROVIDE (__fini_array_end = .)
                0x080041a8                        _sidata = LOADADDR (.data)

.data           0x24000000       0x10 load address 0x080041a8
                0x24000000                        . = ALIGN (0x4)
                0x24000000                        _sdata = .
 *(.data)
 *(.data*)
 .data.SystemD2Clock
                0x24000000        0x4 CMakeFiles/zig_lib.elf.dir/Core/Src/system_stm32h7xx.c.obj
                0x24000000                SystemD2Clock
 .data.SystemCoreClock
                0x24000004        0x4 CMakeFiles/zig_lib.elf.dir/Core/Src/system_stm32h7xx.c.obj
                0x24000004                SystemCoreClock
 .data.uwTickFreq
                0x24000008        0x1 CMakeFiles/zig_lib.elf.dir/Drivers/STM32H7xx_HAL_Driver/Src/stm32h7xx_hal.c.obj
                0x24000008                uwTickFreq
 *fill*         0x24000009        0x3 
 .data.__atexit_recursive_mutex
                0x2400000c        0x4 D:/MinGW/arm-gnu-toolchain-14.2.rel1-mingw-w64-i686-arm-none-eabi/bin/../lib/gcc/arm-none-eabi/14.2.1/thumb/v7e-m/nofp\libg.a(libc_a-__call_atexit.o)
                0x2400000c                __atexit_recursive_mutex
 *(.RamFunc)
 *(.RamFunc*)
                0x24000010                        . = ALIGN (0x4)
                0x24000010                        _edata = .

.tm_clone_table
                0x24000010        0x0 load address 0x080041b8
 .tm_clone_table
                0x24000010        0x0 D:/MinGW/arm-gnu-toolchain-14.2.rel1-mingw-w64-i686-arm-none-eabi/bin/../lib/gcc/arm-none-eabi/14.2.1/thumb/v7e-m/nofp/crtbegin.o
 .tm_clone_table
                0x24000010        0x0 D:/MinGW/arm-gnu-toolchain-14.2.rel1-mingw-w64-i686-arm-none-eabi/bin/../lib/gcc/arm-none-eabi/14.2.1/thumb/v7e-m/nofp/crtend.o

.igot.plt       0x24000010        0x0 load address 0x080041b8
 .igot.plt      0x24000010        0x0 D:/MinGW/arm-gnu-toolchain-14.2.rel1-mingw-w64-i686-arm-none-eabi/bin/../lib/gcc/arm-none-eabi/14.2.1/thumb/v7e-m/nofp/crtbegin.o
                0x24000010                        . = ALIGN (0x4)

.bss            0x24000010     0x10a8 load address 0x080041b8
                0x24000010                        _sbss = .
                0x24000010                        __bss_start__ = _sbss
 *(.bss)
 *(.bss*)
 .bss.completed.1
                0x24000010        0x1 D:/MinGW/arm-gnu-toolchain-14.2.rel1-mingw-w64-i686-arm-none-eabi/bin/../lib/gcc/arm-none-eabi/14.2.1/thumb/v7e-m/nofp/crtbegin.o
 *fill*         0x24000011        0x3 
 .bss.object.0  0x24000014       0x18 D:/MinGW/arm-gnu-toolchain-14.2.rel1-mingw-w64-i686-arm-none-eabi/bin/../lib/gcc/arm-none-eabi/14.2.1/thumb/v7e-m/nofp/crtbegin.o
 .bss.hfdcan3   0x2400002c       0xa0 CMakeFiles/zig_lib.elf.dir/Core/Src/fdcan.c.obj
                0x2400002c                hfdcan3
 .bss.hfdcan2   0x240000cc       0xa0 CMakeFiles/zig_lib.elf.dir/Core/Src/fdcan.c.obj
                0x240000cc                hfdcan2
 .bss.hfdcan1   0x2400016c       0xa0 CMakeFiles/zig_lib.elf.dir/Core/Src/fdcan.c.obj
                0x2400016c                hfdcan1
 .bss.hdma_usart10_tx
                0x2400020c       0x78 CMakeFiles/zig_lib.elf.dir/Core/Src/usart.c.obj
                0x2400020c                hdma_usart10_tx
 .bss.hdma_usart10_rx
                0x24000284       0x78 CMakeFiles/zig_lib.elf.dir/Core/Src/usart.c.obj
                0x24000284                hdma_usart10_rx
 .bss.hdma_usart3_tx
                0x240002fc       0x78 CMakeFiles/zig_lib.elf.dir/Core/Src/usart.c.obj
                0x240002fc                hdma_usart3_tx
 .bss.hdma_usart3_rx
                0x24000374       0x78 CMakeFiles/zig_lib.elf.dir/Core/Src/usart.c.obj
                0x24000374                hdma_usart3_rx
 .bss.hdma_usart2_tx
                0x240003ec       0x78 CMakeFiles/zig_lib.elf.dir/Core/Src/usart.c.obj
                0x240003ec                hdma_usart2_tx
 .bss.hdma_usart2_rx
                0x24000464       0x78 CMakeFiles/zig_lib.elf.dir/Core/Src/usart.c.obj
                0x24000464                hdma_usart2_rx
 .bss.hdma_usart1_tx
                0x240004dc       0x78 CMakeFiles/zig_lib.elf.dir/Core/Src/usart.c.obj
                0x240004dc                hdma_usart1_tx
 .bss.hdma_usart1_rx
                0x24000554       0x78 CMakeFiles/zig_lib.elf.dir/Core/Src/usart.c.obj
                0x24000554                hdma_usart1_rx
 .bss.hdma_uart7_rx
                0x240005cc       0x78 CMakeFiles/zig_lib.elf.dir/Core/Src/usart.c.obj
                0x240005cc                hdma_uart7_rx
 .bss.hdma_uart5_rx
                0x24000644       0x78 CMakeFiles/zig_lib.elf.dir/Core/Src/usart.c.obj
                0x24000644                hdma_uart5_rx
 .bss.huart10   0x240006bc       0x94 CMakeFiles/zig_lib.elf.dir/Core/Src/usart.c.obj
                0x240006bc                huart10
 .bss.huart3    0x24000750       0x94 CMakeFiles/zig_lib.elf.dir/Core/Src/usart.c.obj
                0x24000750                huart3
 .bss.huart2    0x240007e4       0x94 CMakeFiles/zig_lib.elf.dir/Core/Src/usart.c.obj
                0x240007e4                huart2
 .bss.huart1    0x24000878       0x94 CMakeFiles/zig_lib.elf.dir/Core/Src/usart.c.obj
                0x24000878                huart1
 .bss.huart7    0x2400090c       0x94 CMakeFiles/zig_lib.elf.dir/Core/Src/usart.c.obj
                0x2400090c                huart7
 .bss.huart5    0x240009a0       0x94 CMakeFiles/zig_lib.elf.dir/Core/Src/usart.c.obj
                0x240009a0                huart5
 .bss.uwTick    0x24000a34        0x4 CMakeFiles/zig_lib.elf.dir/Drivers/STM32H7xx_HAL_Driver/Src/stm32h7xx_hal.c.obj
                0x24000a34                uwTick
 .bss.cfgidx.0  0x24000a38        0x1 CMakeFiles/zig_lib.elf.dir/Middlewares/ST/STM32_USB_Device_Library/Core/Src/usbd_ctlreq.c.obj
 *fill*         0x24000a39        0x3 
 .bss.hpcd_USB_OTG_HS
                0x24000a3c      0x4e4 CMakeFiles/zig_lib.elf.dir/USB_DEVICE/Target/usbd_conf.c.obj
                0x24000a3c                hpcd_USB_OTG_HS
 .bss.__lock___atexit_recursive_mutex
                0x24000f20        0x1 D:/MinGW/arm-gnu-toolchain-14.2.rel1-mingw-w64-i686-arm-none-eabi/bin/../lib/gcc/arm-none-eabi/14.2.1/thumb/v7e-m/nofp\libg.a(libc_a-lock.o)
                0x24000f20                __lock___atexit_recursive_mutex
 *fill*         0x24000f21        0x3 
 .bss.__atexit  0x24000f24        0x4 D:/MinGW/arm-gnu-toolchain-14.2.rel1-mingw-w64-i686-arm-none-eabi/bin/../lib/gcc/arm-none-eabi/14.2.1/thumb/v7e-m/nofp\libg.a(libc_a-__call_atexit.o)
                0x24000f24                __atexit
 .bss.__atexit0
                0x24000f28      0x190 D:/MinGW/arm-gnu-toolchain-14.2.rel1-mingw-w64-i686-arm-none-eabi/bin/../lib/gcc/arm-none-eabi/14.2.1/thumb/v7e-m/nofp\libg.a(libc_a-__atexit.o)
                0x24000f28                __atexit0
 *(COMMON)
                0x240010b8                        . = ALIGN (0x4)
                0x240010b8                        _ebss = .
                0x240010b8                        __bss_end__ = _ebss

._user_heap_stack
                0x240010b8      0x600 load address 0x080041b8
                0x240010b8                        . = ALIGN (0x8)
                [!provide]                        PROVIDE (end = .)
                0x240010b8                        PROVIDE (_end = .)
                0x240012b8                        . = (. + _Min_Heap_Size)
 *fill*         0x240010b8      0x200 
                0x240016b8                        . = (. + _Min_Stack_Size)
 *fill*         0x240012b8      0x400 
                0x240016b8                        . = ALIGN (0x8)

/DISCARD/
 libc.a(*)
 libm.a(*)
 libgcc.a(*)

.ARM.attributes
                0x00000000       0x2a
 *(.ARM.attributes)
 .ARM.attributes
                0x00000000       0x1e D:/MinGW/arm-gnu-toolchain-14.2.rel1-mingw-w64-i686-arm-none-eabi/bin/../lib/gcc/arm-none-eabi/14.2.1/thumb/v7e-m/nofp/crti.o
 .ARM.attributes
                0x0000001e       0x2e D:/MinGW/arm-gnu-toolchain-14.2.rel1-mingw-w64-i686-arm-none-eabi/bin/../lib/gcc/arm-none-eabi/14.2.1/thumb/v7e-m/nofp/crtbegin.o
 .ARM.attributes
                0x0000004c       0x2e CMakeFiles/zig_lib.elf.dir/Core/Src/fdcan.c.obj
 .ARM.attributes
                0x0000007a       0x2e CMakeFiles/zig_lib.elf.dir/Core/Src/main.c.obj
 .ARM.attributes
                0x000000a8       0x2e CMakeFiles/zig_lib.elf.dir/Core/Src/stm32h7xx_it.c.obj
 .ARM.attributes
                0x000000d6       0x2e CMakeFiles/zig_lib.elf.dir/Core/Src/system_stm32h7xx.c.obj
 .ARM.attributes
                0x00000104       0x2e CMakeFiles/zig_lib.elf.dir/Core/Src/usart.c.obj
 .ARM.attributes
                0x00000132       0x21 CMakeFiles/zig_lib.elf.dir/Core/Startup/startup_stm32h723vgtx.s.obj
 .ARM.attributes
                0x00000153       0x2e CMakeFiles/zig_lib.elf.dir/Drivers/STM32H7xx_HAL_Driver/Src/stm32h7xx_hal.c.obj
 .ARM.attributes
                0x00000181       0x2e CMakeFiles/zig_lib.elf.dir/Drivers/STM32H7xx_HAL_Driver/Src/stm32h7xx_hal_dma.c.obj
 .ARM.attributes
                0x000001af       0x2e CMakeFiles/zig_lib.elf.dir/Drivers/STM32H7xx_HAL_Driver/Src/stm32h7xx_hal_fdcan.c.obj
 .ARM.attributes
                0x000001dd       0x2e CMakeFiles/zig_lib.elf.dir/Drivers/STM32H7xx_HAL_Driver/Src/stm32h7xx_hal_gpio.c.obj
 .ARM.attributes
                0x0000020b       0x2e CMakeFiles/zig_lib.elf.dir/Drivers/STM32H7xx_HAL_Driver/Src/stm32h7xx_hal_pcd.c.obj
 .ARM.attributes
                0x00000239       0x2e CMakeFiles/zig_lib.elf.dir/Drivers/STM32H7xx_HAL_Driver/Src/stm32h7xx_hal_pcd_ex.c.obj
 .ARM.attributes
                0x00000267       0x2e CMakeFiles/zig_lib.elf.dir/Drivers/STM32H7xx_HAL_Driver/Src/stm32h7xx_hal_rcc.c.obj
 .ARM.attributes
                0x00000295       0x2e CMakeFiles/zig_lib.elf.dir/Drivers/STM32H7xx_HAL_Driver/Src/stm32h7xx_hal_uart.c.obj
 .ARM.attributes
                0x000002c3       0x2e CMakeFiles/zig_lib.elf.dir/Drivers/STM32H7xx_HAL_Driver/Src/stm32h7xx_hal_uart_ex.c.obj
 .ARM.attributes
                0x000002f1       0x2e CMakeFiles/zig_lib.elf.dir/Drivers/STM32H7xx_HAL_Driver/Src/stm32h7xx_ll_usb.c.obj
 .ARM.attributes
                0x0000031f       0x2e CMakeFiles/zig_lib.elf.dir/Middlewares/ST/STM32_USB_Device_Library/Core/Src/usbd_core.c.obj
 .ARM.attributes
                0x0000034d       0x2e CMakeFiles/zig_lib.elf.dir/Middlewares/ST/STM32_USB_Device_Library/Core/Src/usbd_ctlreq.c.obj
 .ARM.attributes
                0x0000037b       0x2e CMakeFiles/zig_lib.elf.dir/Middlewares/ST/STM32_USB_Device_Library/Core/Src/usbd_ioreq.c.obj
 .ARM.attributes
                0x000003a9       0x2e CMakeFiles/zig_lib.elf.dir/USB_DEVICE/Target/usbd_conf.c.obj
 .ARM.attributes
                0x000003d7       0x1e D:/MinGW/arm-gnu-toolchain-14.2.rel1-mingw-w64-i686-arm-none-eabi/bin/../lib/gcc/arm-none-eabi/14.2.1/thumb/v7e-m/nofp\libgcc.a(_arm_addsubsf3.o)
 .ARM.attributes
                0x000003f5       0x1e D:/MinGW/arm-gnu-toolchain-14.2.rel1-mingw-w64-i686-arm-none-eabi/bin/../lib/gcc/arm-none-eabi/14.2.1/thumb/v7e-m/nofp\libgcc.a(_arm_muldivsf3.o)
 .ARM.attributes
                0x00000413       0x1e D:/MinGW/arm-gnu-toolchain-14.2.rel1-mingw-w64-i686-arm-none-eabi/bin/../lib/gcc/arm-none-eabi/14.2.1/thumb/v7e-m/nofp\libgcc.a(_arm_fixunssfsi.o)
 .ARM.attributes
                0x00000431       0x2e D:/MinGW/arm-gnu-toolchain-14.2.rel1-mingw-w64-i686-arm-none-eabi/bin/../lib/gcc/arm-none-eabi/14.2.1/thumb/v7e-m/nofp\libg.a(libc_a-init.o)
 .ARM.attributes
                0x0000045f       0x2e D:/MinGW/arm-gnu-toolchain-14.2.rel1-mingw-w64-i686-arm-none-eabi/bin/../lib/gcc/arm-none-eabi/14.2.1/thumb/v7e-m/nofp\libg.a(libc_a-lock.o)
 .ARM.attributes
                0x0000048d       0x2e D:/MinGW/arm-gnu-toolchain-14.2.rel1-mingw-w64-i686-arm-none-eabi/bin/../lib/gcc/arm-none-eabi/14.2.1/thumb/v7e-m/nofp\libg.a(libc_a-__call_atexit.o)
 .ARM.attributes
                0x000004bb       0x2e D:/MinGW/arm-gnu-toolchain-14.2.rel1-mingw-w64-i686-arm-none-eabi/bin/../lib/gcc/arm-none-eabi/14.2.1/thumb/v7e-m/nofp\libg.a(libc_a-atexit.o)
 .ARM.attributes
                0x000004e9       0x2e D:/MinGW/arm-gnu-toolchain-14.2.rel1-mingw-w64-i686-arm-none-eabi/bin/../lib/gcc/arm-none-eabi/14.2.1/thumb/v7e-m/nofp\libg.a(libc_a-fini.o)
 .ARM.attributes
                0x00000517       0x2e D:/MinGW/arm-gnu-toolchain-14.2.rel1-mingw-w64-i686-arm-none-eabi/bin/../lib/gcc/arm-none-eabi/14.2.1/thumb/v7e-m/nofp\libg.a(libc_a-__atexit.o)
 .ARM.attributes
                0x00000545       0x2e D:/MinGW/arm-gnu-toolchain-14.2.rel1-mingw-w64-i686-arm-none-eabi/bin/../lib/gcc/arm-none-eabi/14.2.1/thumb/v7e-m/nofp/crtend.o
 .ARM.attributes
                0x00000573       0x1e D:/MinGW/arm-gnu-toolchain-14.2.rel1-mingw-w64-i686-arm-none-eabi/bin/../lib/gcc/arm-none-eabi/14.2.1/thumb/v7e-m/nofp/crtn.o
OUTPUT(zig_lib.elf elf32-littlearm)
LOAD linker stubs
LOAD D:/MinGW/arm-gnu-toolchain-14.2.rel1-mingw-w64-i686-arm-none-eabi/bin/../lib/gcc/arm-none-eabi/14.2.1/thumb/v7e-m/nofp\libc.a
LOAD D:/MinGW/arm-gnu-toolchain-14.2.rel1-mingw-w64-i686-arm-none-eabi/bin/../lib/gcc/arm-none-eabi/14.2.1/thumb/v7e-m/nofp\libm.a
LOAD D:/MinGW/arm-gnu-toolchain-14.2.rel1-mingw-w64-i686-arm-none-eabi/bin/../lib/gcc/arm-none-eabi/14.2.1/thumb/v7e-m/nofp\libgcc.a

.debug_info     0x00000000    0x1f14f
 .debug_info    0x00000000     0x192a CMakeFiles/zig_lib.elf.dir/Core/Src/fdcan.c.obj
 .debug_info    0x0000192a      0x739 CMakeFiles/zig_lib.elf.dir/Core/Src/main.c.obj
 .debug_info    0x00002063     0x18de CMakeFiles/zig_lib.elf.dir/Core/Src/stm32h7xx_it.c.obj
 .debug_info    0x00003941      0x975 CMakeFiles/zig_lib.elf.dir/Core/Src/system_stm32h7xx.c.obj
 .debug_info    0x000042b6     0x2177 CMakeFiles/zig_lib.elf.dir/Core/Src/usart.c.obj
 .debug_info    0x0000642d       0x30 CMakeFiles/zig_lib.elf.dir/Core/Startup/startup_stm32h723vgtx.s.obj
 .debug_info    0x0000645d     0x1796 CMakeFiles/zig_lib.elf.dir/Drivers/STM32H7xx_HAL_Driver/Src/stm32h7xx_hal.c.obj
 .debug_info    0x00007bf3      0xe90 CMakeFiles/zig_lib.elf.dir/Drivers/STM32H7xx_HAL_Driver/Src/stm32h7xx_hal_dma.c.obj
 .debug_info    0x00008a83     0x3275 CMakeFiles/zig_lib.elf.dir/Drivers/STM32H7xx_HAL_Driver/Src/stm32h7xx_hal_fdcan.c.obj
 .debug_info    0x0000bcf8      0xca7 CMakeFiles/zig_lib.elf.dir/Drivers/STM32H7xx_HAL_Driver/Src/stm32h7xx_hal_gpio.c.obj
 .debug_info    0x0000c99f     0x1c4f CMakeFiles/zig_lib.elf.dir/Drivers/STM32H7xx_HAL_Driver/Src/stm32h7xx_hal_pcd.c.obj
 .debug_info    0x0000e5ee      0xa1a CMakeFiles/zig_lib.elf.dir/Drivers/STM32H7xx_HAL_Driver/Src/stm32h7xx_hal_pcd_ex.c.obj
 .debug_info    0x0000f008     0x11df CMakeFiles/zig_lib.elf.dir/Drivers/STM32H7xx_HAL_Driver/Src/stm32h7xx_hal_rcc.c.obj
 .debug_info    0x000101e7     0x655d CMakeFiles/zig_lib.elf.dir/Drivers/STM32H7xx_HAL_Driver/Src/stm32h7xx_hal_uart.c.obj
 .debug_info    0x00016744     0x1226 CMakeFiles/zig_lib.elf.dir/Drivers/STM32H7xx_HAL_Driver/Src/stm32h7xx_hal_uart_ex.c.obj
 .debug_info    0x0001796a     0x1f0d CMakeFiles/zig_lib.elf.dir/Drivers/STM32H7xx_HAL_Driver/Src/stm32h7xx_ll_usb.c.obj
 .debug_info    0x00019877     0x1267 CMakeFiles/zig_lib.elf.dir/Middlewares/ST/STM32_USB_Device_Library/Core/Src/usbd_core.c.obj
 .debug_info    0x0001aade     0x1466 CMakeFiles/zig_lib.elf.dir/Middlewares/ST/STM32_USB_Device_Library/Core/Src/usbd_ctlreq.c.obj
 .debug_info    0x0001bf44      0x904 CMakeFiles/zig_lib.elf.dir/Middlewares/ST/STM32_USB_Device_Library/Core/Src/usbd_ioreq.c.obj
 .debug_info    0x0001c848     0x2907 CMakeFiles/zig_lib.elf.dir/USB_DEVICE/Target/usbd_conf.c.obj

.debug_abbrev   0x00000000     0x32a3
 .debug_abbrev  0x00000000      0x269 CMakeFiles/zig_lib.elf.dir/Core/Src/fdcan.c.obj
 .debug_abbrev  0x00000269      0x21f CMakeFiles/zig_lib.elf.dir/Core/Src/main.c.obj
 .debug_abbrev  0x00000488      0x234 CMakeFiles/zig_lib.elf.dir/Core/Src/stm32h7xx_it.c.obj
 .debug_abbrev  0x000006bc      0x170 CMakeFiles/zig_lib.elf.dir/Core/Src/system_stm32h7xx.c.obj
 .debug_abbrev  0x0000082c      0x294 CMakeFiles/zig_lib.elf.dir/Core/Src/usart.c.obj
 .debug_abbrev  0x00000ac0       0x24 CMakeFiles/zig_lib.elf.dir/Core/Startup/startup_stm32h723vgtx.s.obj
 .debug_abbrev  0x00000ae4      0x2c3 CMakeFiles/zig_lib.elf.dir/Drivers/STM32H7xx_HAL_Driver/Src/stm32h7xx_hal.c.obj
 .debug_abbrev  0x00000da7      0x29c CMakeFiles/zig_lib.elf.dir/Drivers/STM32H7xx_HAL_Driver/Src/stm32h7xx_hal_dma.c.obj
 .debug_abbrev  0x00001043      0x2be CMakeFiles/zig_lib.elf.dir/Drivers/STM32H7xx_HAL_Driver/Src/stm32h7xx_hal_fdcan.c.obj
 .debug_abbrev  0x00001301      0x255 CMakeFiles/zig_lib.elf.dir/Drivers/STM32H7xx_HAL_Driver/Src/stm32h7xx_hal_gpio.c.obj
 .debug_abbrev  0x00001556      0x2fa CMakeFiles/zig_lib.elf.dir/Drivers/STM32H7xx_HAL_Driver/Src/stm32h7xx_hal_pcd.c.obj
 .debug_abbrev  0x00001850      0x2ad CMakeFiles/zig_lib.elf.dir/Drivers/STM32H7xx_HAL_Driver/Src/stm32h7xx_hal_pcd_ex.c.obj
 .debug_abbrev  0x00001afd      0x2a3 CMakeFiles/zig_lib.elf.dir/Drivers/STM32H7xx_HAL_Driver/Src/stm32h7xx_hal_rcc.c.obj
 .debug_abbrev  0x00001da0      0x37a CMakeFiles/zig_lib.elf.dir/Drivers/STM32H7xx_HAL_Driver/Src/stm32h7xx_hal_uart.c.obj
 .debug_abbrev  0x0000211a      0x343 CMakeFiles/zig_lib.elf.dir/Drivers/STM32H7xx_HAL_Driver/Src/stm32h7xx_hal_uart_ex.c.obj
 .debug_abbrev  0x0000245d      0x329 CMakeFiles/zig_lib.elf.dir/Drivers/STM32H7xx_HAL_Driver/Src/stm32h7xx_ll_usb.c.obj
 .debug_abbrev  0x00002786      0x2f8 CMakeFiles/zig_lib.elf.dir/Middlewares/ST/STM32_USB_Device_Library/Core/Src/usbd_core.c.obj
 .debug_abbrev  0x00002a7e      0x343 CMakeFiles/zig_lib.elf.dir/Middlewares/ST/STM32_USB_Device_Library/Core/Src/usbd_ctlreq.c.obj
 .debug_abbrev  0x00002dc1      0x1b0 CMakeFiles/zig_lib.elf.dir/Middlewares/ST/STM32_USB_Device_Library/Core/Src/usbd_ioreq.c.obj
 .debug_abbrev  0x00002f71      0x332 CMakeFiles/zig_lib.elf.dir/USB_DEVICE/Target/usbd_conf.c.obj

.debug_loclists
                0x00000000     0xcde8
 .debug_loclists
                0x00000000       0xec CMakeFiles/zig_lib.elf.dir/Core/Src/fdcan.c.obj
 .debug_loclists
                0x000000ec      0x155 CMakeFiles/zig_lib.elf.dir/Core/Src/system_stm32h7xx.c.obj
 .debug_loclists
                0x00000241       0x9a CMakeFiles/zig_lib.elf.dir/Core/Src/usart.c.obj
 .debug_loclists
                0x000002db      0x2df CMakeFiles/zig_lib.elf.dir/Drivers/STM32H7xx_HAL_Driver/Src/stm32h7xx_hal.c.obj
 .debug_loclists
                0x000005ba      0xa87 CMakeFiles/zig_lib.elf.dir/Drivers/STM32H7xx_HAL_Driver/Src/stm32h7xx_hal_dma.c.obj
 .debug_loclists
                0x00001041     0x275a CMakeFiles/zig_lib.elf.dir/Drivers/STM32H7xx_HAL_Driver/Src/stm32h7xx_hal_fdcan.c.obj
 .debug_loclists
                0x0000379b      0x2a0 CMakeFiles/zig_lib.elf.dir/Drivers/STM32H7xx_HAL_Driver/Src/stm32h7xx_hal_gpio.c.obj
 .debug_loclists
                0x00003a3b      0xd74 CMakeFiles/zig_lib.elf.dir/Drivers/STM32H7xx_HAL_Driver/Src/stm32h7xx_hal_pcd.c.obj
 .debug_loclists
                0x000047af      0x18e CMakeFiles/zig_lib.elf.dir/Drivers/STM32H7xx_HAL_Driver/Src/stm32h7xx_hal_pcd_ex.c.obj
 .debug_loclists
                0x0000493d      0x663 CMakeFiles/zig_lib.elf.dir/Drivers/STM32H7xx_HAL_Driver/Src/stm32h7xx_hal_rcc.c.obj
 .debug_loclists
                0x00004fa0     0x38d2 CMakeFiles/zig_lib.elf.dir/Drivers/STM32H7xx_HAL_Driver/Src/stm32h7xx_hal_uart.c.obj
 .debug_loclists
                0x00008872      0x7dc CMakeFiles/zig_lib.elf.dir/Drivers/STM32H7xx_HAL_Driver/Src/stm32h7xx_hal_uart_ex.c.obj
 .debug_loclists
                0x0000904e     0x18c8 CMakeFiles/zig_lib.elf.dir/Drivers/STM32H7xx_HAL_Driver/Src/stm32h7xx_ll_usb.c.obj
 .debug_loclists
                0x0000a916      0x996 CMakeFiles/zig_lib.elf.dir/Middlewares/ST/STM32_USB_Device_Library/Core/Src/usbd_core.c.obj
 .debug_loclists
                0x0000b2ac     0x108a CMakeFiles/zig_lib.elf.dir/Middlewares/ST/STM32_USB_Device_Library/Core/Src/usbd_ctlreq.c.obj
 .debug_loclists
                0x0000c336      0x214 CMakeFiles/zig_lib.elf.dir/Middlewares/ST/STM32_USB_Device_Library/Core/Src/usbd_ioreq.c.obj
 .debug_loclists
                0x0000c54a      0x89e CMakeFiles/zig_lib.elf.dir/USB_DEVICE/Target/usbd_conf.c.obj

.debug_aranges  0x00000000     0x11c0
 .debug_aranges
                0x00000000       0x40 CMakeFiles/zig_lib.elf.dir/Core/Src/fdcan.c.obj
 .debug_aranges
                0x00000040       0x38 CMakeFiles/zig_lib.elf.dir/Core/Src/main.c.obj
 .debug_aranges
                0x00000078      0x128 CMakeFiles/zig_lib.elf.dir/Core/Src/stm32h7xx_it.c.obj
 .debug_aranges
                0x000001a0       0x30 CMakeFiles/zig_lib.elf.dir/Core/Src/system_stm32h7xx.c.obj
 .debug_aranges
                0x000001d0       0x58 CMakeFiles/zig_lib.elf.dir/Core/Src/usart.c.obj
 .debug_aranges
                0x00000228       0x28 CMakeFiles/zig_lib.elf.dir/Core/Startup/startup_stm32h723vgtx.s.obj
 .debug_aranges
                0x00000250      0x1c8 CMakeFiles/zig_lib.elf.dir/Drivers/STM32H7xx_HAL_Driver/Src/stm32h7xx_hal.c.obj
 .debug_aranges
                0x00000418       0xa0 CMakeFiles/zig_lib.elf.dir/Drivers/STM32H7xx_HAL_Driver/Src/stm32h7xx_hal_dma.c.obj
 .debug_aranges
                0x000004b8      0x338 CMakeFiles/zig_lib.elf.dir/Drivers/STM32H7xx_HAL_Driver/Src/stm32h7xx_hal_fdcan.c.obj
 .debug_aranges
                0x000007f0       0x58 CMakeFiles/zig_lib.elf.dir/Drivers/STM32H7xx_HAL_Driver/Src/stm32h7xx_hal_gpio.c.obj
 .debug_aranges
                0x00000848      0x140 CMakeFiles/zig_lib.elf.dir/Drivers/STM32H7xx_HAL_Driver/Src/stm32h7xx_hal_pcd.c.obj
 .debug_aranges
                0x00000988       0x60 CMakeFiles/zig_lib.elf.dir/Drivers/STM32H7xx_HAL_Driver/Src/stm32h7xx_hal_pcd_ex.c.obj
 .debug_aranges
                0x000009e8       0x88 CMakeFiles/zig_lib.elf.dir/Drivers/STM32H7xx_HAL_Driver/Src/stm32h7xx_hal_rcc.c.obj
 .debug_aranges
                0x00000a70      0x248 CMakeFiles/zig_lib.elf.dir/Drivers/STM32H7xx_HAL_Driver/Src/stm32h7xx_hal_uart.c.obj
 .debug_aranges
                0x00000cb8       0xa8 CMakeFiles/zig_lib.elf.dir/Drivers/STM32H7xx_HAL_Driver/Src/stm32h7xx_hal_uart_ex.c.obj
 .debug_aranges
                0x00000d60      0x1a0 CMakeFiles/zig_lib.elf.dir/Drivers/STM32H7xx_HAL_Driver/Src/stm32h7xx_ll_usb.c.obj
 .debug_aranges
                0x00000f00       0xd8 CMakeFiles/zig_lib.elf.dir/Middlewares/ST/STM32_USB_Device_Library/Core/Src/usbd_core.c.obj
 .debug_aranges
                0x00000fd8       0x88 CMakeFiles/zig_lib.elf.dir/Middlewares/ST/STM32_USB_Device_Library/Core/Src/usbd_ctlreq.c.obj
 .debug_aranges
                0x00001060       0x50 CMakeFiles/zig_lib.elf.dir/Middlewares/ST/STM32_USB_Device_Library/Core/Src/usbd_ioreq.c.obj
 .debug_aranges
                0x000010b0      0x110 CMakeFiles/zig_lib.elf.dir/USB_DEVICE/Target/usbd_conf.c.obj

.debug_rnglists
                0x00000000      0xdd0
 .debug_rnglists
                0x00000000       0x2d CMakeFiles/zig_lib.elf.dir/Core/Src/fdcan.c.obj
 .debug_rnglists
                0x0000002d       0x26 CMakeFiles/zig_lib.elf.dir/Core/Src/main.c.obj
 .debug_rnglists
                0x00000053       0xd9 CMakeFiles/zig_lib.elf.dir/Core/Src/stm32h7xx_it.c.obj
 .debug_rnglists
                0x0000012c       0x21 CMakeFiles/zig_lib.elf.dir/Core/Src/system_stm32h7xx.c.obj
 .debug_rnglists
                0x0000014d       0x3f CMakeFiles/zig_lib.elf.dir/Core/Src/usart.c.obj
 .debug_rnglists
                0x0000018c       0x19 CMakeFiles/zig_lib.elf.dir/Core/Startup/startup_stm32h723vgtx.s.obj
 .debug_rnglists
                0x000001a5      0x153 CMakeFiles/zig_lib.elf.dir/Drivers/STM32H7xx_HAL_Driver/Src/stm32h7xx_hal.c.obj
 .debug_rnglists
                0x000002f8       0x8b CMakeFiles/zig_lib.elf.dir/Drivers/STM32H7xx_HAL_Driver/Src/stm32h7xx_hal_dma.c.obj
 .debug_rnglists
                0x00000383      0x29a CMakeFiles/zig_lib.elf.dir/Drivers/STM32H7xx_HAL_Driver/Src/stm32h7xx_hal_fdcan.c.obj
 .debug_rnglists
                0x0000061d       0x3f CMakeFiles/zig_lib.elf.dir/Drivers/STM32H7xx_HAL_Driver/Src/stm32h7xx_hal_gpio.c.obj
 .debug_rnglists
                0x0000065c       0xf1 CMakeFiles/zig_lib.elf.dir/Drivers/STM32H7xx_HAL_Driver/Src/stm32h7xx_hal_pcd.c.obj
 .debug_rnglists
                0x0000074d       0x44 CMakeFiles/zig_lib.elf.dir/Drivers/STM32H7xx_HAL_Driver/Src/stm32h7xx_hal_pcd_ex.c.obj
 .debug_rnglists
                0x00000791       0xa9 CMakeFiles/zig_lib.elf.dir/Drivers/STM32H7xx_HAL_Driver/Src/stm32h7xx_hal_rcc.c.obj
 .debug_rnglists
                0x0000083a      0x1cb CMakeFiles/zig_lib.elf.dir/Drivers/STM32H7xx_HAL_Driver/Src/stm32h7xx_hal_uart.c.obj
 .debug_rnglists
                0x00000a05       0x88 CMakeFiles/zig_lib.elf.dir/Drivers/STM32H7xx_HAL_Driver/Src/stm32h7xx_hal_uart_ex.c.obj
 .debug_rnglists
                0x00000a8d      0x141 CMakeFiles/zig_lib.elf.dir/Drivers/STM32H7xx_HAL_Driver/Src/stm32h7xx_ll_usb.c.obj
 .debug_rnglists
                0x00000bce       0x9f CMakeFiles/zig_lib.elf.dir/Middlewares/ST/STM32_USB_Device_Library/Core/Src/usbd_core.c.obj
 .debug_rnglists
                0x00000c6d       0x65 CMakeFiles/zig_lib.elf.dir/Middlewares/ST/STM32_USB_Device_Library/Core/Src/usbd_ctlreq.c.obj
 .debug_rnglists
                0x00000cd2       0x37 CMakeFiles/zig_lib.elf.dir/Middlewares/ST/STM32_USB_Device_Library/Core/Src/usbd_ioreq.c.obj
 .debug_rnglists
                0x00000d09       0xc7 CMakeFiles/zig_lib.elf.dir/USB_DEVICE/Target/usbd_conf.c.obj

.debug_line     0x00000000    0x15f73
 .debug_line    0x00000000      0x815 CMakeFiles/zig_lib.elf.dir/Core/Src/fdcan.c.obj
 .debug_line    0x00000815      0x540 CMakeFiles/zig_lib.elf.dir/Core/Src/main.c.obj
 .debug_line    0x00000d55      0x5de CMakeFiles/zig_lib.elf.dir/Core/Src/stm32h7xx_it.c.obj
 .debug_line    0x00001333      0x4af CMakeFiles/zig_lib.elf.dir/Core/Src/system_stm32h7xx.c.obj
 .debug_line    0x000017e2      0xebd CMakeFiles/zig_lib.elf.dir/Core/Src/usart.c.obj
 .debug_line    0x0000269f       0x7b CMakeFiles/zig_lib.elf.dir/Core/Startup/startup_stm32h723vgtx.s.obj
 .debug_line    0x0000271a      0xa22 CMakeFiles/zig_lib.elf.dir/Drivers/STM32H7xx_HAL_Driver/Src/stm32h7xx_hal.c.obj
 .debug_line    0x0000313c     0x246a CMakeFiles/zig_lib.elf.dir/Drivers/STM32H7xx_HAL_Driver/Src/stm32h7xx_hal_dma.c.obj
 .debug_line    0x000055a6     0x3429 CMakeFiles/zig_lib.elf.dir/Drivers/STM32H7xx_HAL_Driver/Src/stm32h7xx_hal_fdcan.c.obj
 .debug_line    0x000089cf      0x77e CMakeFiles/zig_lib.elf.dir/Drivers/STM32H7xx_HAL_Driver/Src/stm32h7xx_hal_gpio.c.obj
 .debug_line    0x0000914d     0x14ba CMakeFiles/zig_lib.elf.dir/Drivers/STM32H7xx_HAL_Driver/Src/stm32h7xx_hal_pcd.c.obj
 .debug_line    0x0000a607      0x53b CMakeFiles/zig_lib.elf.dir/Drivers/STM32H7xx_HAL_Driver/Src/stm32h7xx_hal_pcd_ex.c.obj
 .debug_line    0x0000ab42     0x13ab CMakeFiles/zig_lib.elf.dir/Drivers/STM32H7xx_HAL_Driver/Src/stm32h7xx_hal_rcc.c.obj
 .debug_line    0x0000beed     0x51de CMakeFiles/zig_lib.elf.dir/Drivers/STM32H7xx_HAL_Driver/Src/stm32h7xx_hal_uart.c.obj
 .debug_line    0x000110cb      0xb16 CMakeFiles/zig_lib.elf.dir/Drivers/STM32H7xx_HAL_Driver/Src/stm32h7xx_hal_uart_ex.c.obj
 .debug_line    0x00011be1     0x1f98 CMakeFiles/zig_lib.elf.dir/Drivers/STM32H7xx_HAL_Driver/Src/stm32h7xx_ll_usb.c.obj
 .debug_line    0x00013b79      0xa40 CMakeFiles/zig_lib.elf.dir/Middlewares/ST/STM32_USB_Device_Library/Core/Src/usbd_core.c.obj
 .debug_line    0x000145b9      0xd93 CMakeFiles/zig_lib.elf.dir/Middlewares/ST/STM32_USB_Device_Library/Core/Src/usbd_ctlreq.c.obj
 .debug_line    0x0001534c      0x30e CMakeFiles/zig_lib.elf.dir/Middlewares/ST/STM32_USB_Device_Library/Core/Src/usbd_ioreq.c.obj
 .debug_line    0x0001565a      0x919 CMakeFiles/zig_lib.elf.dir/USB_DEVICE/Target/usbd_conf.c.obj

.debug_str      0x00000000     0x7509
 .debug_str     0x00000000     0x7509 CMakeFiles/zig_lib.elf.dir/Core/Src/fdcan.c.obj
                               0x15d2 (size before relaxing)
 .debug_str     0x00007509      0x688 CMakeFiles/zig_lib.elf.dir/Core/Src/main.c.obj
 .debug_str     0x00007509     0x13e8 CMakeFiles/zig_lib.elf.dir/Core/Src/stm32h7xx_it.c.obj
 .debug_str     0x00007509      0x635 CMakeFiles/zig_lib.elf.dir/Core/Src/system_stm32h7xx.c.obj
 .debug_str     0x00007509     0x1808 CMakeFiles/zig_lib.elf.dir/Core/Src/usart.c.obj
 .debug_str     0x00007509       0x99 CMakeFiles/zig_lib.elf.dir/Core/Startup/startup_stm32h723vgtx.s.obj
 .debug_str     0x00007509     0x15c6 CMakeFiles/zig_lib.elf.dir/Drivers/STM32H7xx_HAL_Driver/Src/stm32h7xx_hal.c.obj
 .debug_str     0x00007509      0x983 CMakeFiles/zig_lib.elf.dir/Drivers/STM32H7xx_HAL_Driver/Src/stm32h7xx_hal_dma.c.obj
 .debug_str     0x00007509     0x1dd6 CMakeFiles/zig_lib.elf.dir/Drivers/STM32H7xx_HAL_Driver/Src/stm32h7xx_hal_fdcan.c.obj
 .debug_str     0x00007509      0x700 CMakeFiles/zig_lib.elf.dir/Drivers/STM32H7xx_HAL_Driver/Src/stm32h7xx_hal_gpio.c.obj
 .debug_str     0x00007509      0xe76 CMakeFiles/zig_lib.elf.dir/Drivers/STM32H7xx_HAL_Driver/Src/stm32h7xx_hal_pcd.c.obj
 .debug_str     0x00007509      0x862 CMakeFiles/zig_lib.elf.dir/Drivers/STM32H7xx_HAL_Driver/Src/stm32h7xx_hal_pcd_ex.c.obj
 .debug_str     0x00007509      0xa27 CMakeFiles/zig_lib.elf.dir/Drivers/STM32H7xx_HAL_Driver/Src/stm32h7xx_hal_rcc.c.obj
 .debug_str     0x00007509     0x14dd CMakeFiles/zig_lib.elf.dir/Drivers/STM32H7xx_HAL_Driver/Src/stm32h7xx_hal_uart.c.obj
 .debug_str     0x00007509      0xbd1 CMakeFiles/zig_lib.elf.dir/Drivers/STM32H7xx_HAL_Driver/Src/stm32h7xx_hal_uart_ex.c.obj
 .debug_str     0x00007509      0xdbe CMakeFiles/zig_lib.elf.dir/Drivers/STM32H7xx_HAL_Driver/Src/stm32h7xx_ll_usb.c.obj
 .debug_str     0x00007509      0xa1d CMakeFiles/zig_lib.elf.dir/Middlewares/ST/STM32_USB_Device_Library/Core/Src/usbd_core.c.obj
 .debug_str     0x00007509      0x848 CMakeFiles/zig_lib.elf.dir/Middlewares/ST/STM32_USB_Device_Library/Core/Src/usbd_ctlreq.c.obj
 .debug_str     0x00007509      0x71d CMakeFiles/zig_lib.elf.dir/Middlewares/ST/STM32_USB_Device_Library/Core/Src/usbd_ioreq.c.obj
 .debug_str     0x00007509     0x1e40 CMakeFiles/zig_lib.elf.dir/USB_DEVICE/Target/usbd_conf.c.obj

.comment        0x00000000       0x45
 .comment       0x00000000       0x45 CMakeFiles/zig_lib.elf.dir/Core/Src/fdcan.c.obj
                                 0x46 (size before relaxing)
 .comment       0x00000045       0x46 CMakeFiles/zig_lib.elf.dir/Core/Src/main.c.obj
 .comment       0x00000045       0x46 CMakeFiles/zig_lib.elf.dir/Core/Src/stm32h7xx_it.c.obj
 .comment       0x00000045       0x46 CMakeFiles/zig_lib.elf.dir/Core/Src/system_stm32h7xx.c.obj
 .comment       0x00000045       0x46 CMakeFiles/zig_lib.elf.dir/Core/Src/usart.c.obj
 .comment       0x00000045       0x46 CMakeFiles/zig_lib.elf.dir/Drivers/STM32H7xx_HAL_Driver/Src/stm32h7xx_hal.c.obj
 .comment       0x00000045       0x46 CMakeFiles/zig_lib.elf.dir/Drivers/STM32H7xx_HAL_Driver/Src/stm32h7xx_hal_dma.c.obj
 .comment       0x00000045       0x46 CMakeFiles/zig_lib.elf.dir/Drivers/STM32H7xx_HAL_Driver/Src/stm32h7xx_hal_fdcan.c.obj
 .comment       0x00000045       0x46 CMakeFiles/zig_lib.elf.dir/Drivers/STM32H7xx_HAL_Driver/Src/stm32h7xx_hal_gpio.c.obj
 .comment       0x00000045       0x46 CMakeFiles/zig_lib.elf.dir/Drivers/STM32H7xx_HAL_Driver/Src/stm32h7xx_hal_pcd.c.obj
 .comment       0x00000045       0x46 CMakeFiles/zig_lib.elf.dir/Drivers/STM32H7xx_HAL_Driver/Src/stm32h7xx_hal_pcd_ex.c.obj
 .comment       0x00000045       0x46 CMakeFiles/zig_lib.elf.dir/Drivers/STM32H7xx_HAL_Driver/Src/stm32h7xx_hal_rcc.c.obj
 .comment       0x00000045       0x46 CMakeFiles/zig_lib.elf.dir/Drivers/STM32H7xx_HAL_Driver/Src/stm32h7xx_hal_uart.c.obj
 .comment       0x00000045       0x46 CMakeFiles/zig_lib.elf.dir/Drivers/STM32H7xx_HAL_Driver/Src/stm32h7xx_hal_uart_ex.c.obj
 .comment       0x00000045       0x46 CMakeFiles/zig_lib.elf.dir/Drivers/STM32H7xx_HAL_Driver/Src/stm32h7xx_ll_usb.c.obj
 .comment       0x00000045       0x46 CMakeFiles/zig_lib.elf.dir/Middlewares/ST/STM32_USB_Device_Library/Core/Src/usbd_core.c.obj
 .comment       0x00000045       0x46 CMakeFiles/zig_lib.elf.dir/Middlewares/ST/STM32_USB_Device_Library/Core/Src/usbd_ctlreq.c.obj
 .comment       0x00000045       0x46 CMakeFiles/zig_lib.elf.dir/Middlewares/ST/STM32_USB_Device_Library/Core/Src/usbd_ioreq.c.obj
 .comment       0x00000045       0x46 CMakeFiles/zig_lib.elf.dir/USB_DEVICE/Target/usbd_conf.c.obj

.debug_frame    0x00000000     0x2fb0
 .debug_frame   0x00000000       0x98 CMakeFiles/zig_lib.elf.dir/Core/Src/fdcan.c.obj
 .debug_frame   0x00000098       0x78 CMakeFiles/zig_lib.elf.dir/Core/Src/main.c.obj
 .debug_frame   0x00000110      0x2f8 CMakeFiles/zig_lib.elf.dir/Core/Src/stm32h7xx_it.c.obj
 .debug_frame   0x00000408       0x50 CMakeFiles/zig_lib.elf.dir/Core/Src/system_stm32h7xx.c.obj
 .debug_frame   0x00000458       0xe4 CMakeFiles/zig_lib.elf.dir/Core/Src/usart.c.obj
 .debug_frame   0x0000053c      0x3c0 CMakeFiles/zig_lib.elf.dir/Drivers/STM32H7xx_HAL_Driver/Src/stm32h7xx_hal.c.obj
 .debug_frame   0x000008fc      0x1fc CMakeFiles/zig_lib.elf.dir/Drivers/STM32H7xx_HAL_Driver/Src/stm32h7xx_hal_dma.c.obj
 .debug_frame   0x00000af8      0x794 CMakeFiles/zig_lib.elf.dir/Drivers/STM32H7xx_HAL_Driver/Src/stm32h7xx_hal_fdcan.c.obj
 .debug_frame   0x0000128c       0xd0 CMakeFiles/zig_lib.elf.dir/Drivers/STM32H7xx_HAL_Driver/Src/stm32h7xx_hal_gpio.c.obj
 .debug_frame   0x0000135c      0x378 CMakeFiles/zig_lib.elf.dir/Drivers/STM32H7xx_HAL_Driver/Src/stm32h7xx_hal_pcd.c.obj
 .debug_frame   0x000016d4       0xb8 CMakeFiles/zig_lib.elf.dir/Drivers/STM32H7xx_HAL_Driver/Src/stm32h7xx_hal_pcd_ex.c.obj
 .debug_frame   0x0000178c      0x180 CMakeFiles/zig_lib.elf.dir/Drivers/STM32H7xx_HAL_Driver/Src/stm32h7xx_hal_rcc.c.obj
 .debug_frame   0x0000190c      0x680 CMakeFiles/zig_lib.elf.dir/Drivers/STM32H7xx_HAL_Driver/Src/stm32h7xx_hal_uart.c.obj
 .debug_frame   0x00001f8c      0x1c8 CMakeFiles/zig_lib.elf.dir/Drivers/STM32H7xx_HAL_Driver/Src/stm32h7xx_hal_uart_ex.c.obj
 .debug_frame   0x00002154      0x498 CMakeFiles/zig_lib.elf.dir/Drivers/STM32H7xx_HAL_Driver/Src/stm32h7xx_ll_usb.c.obj
 .debug_frame   0x000025ec      0x240 CMakeFiles/zig_lib.elf.dir/Middlewares/ST/STM32_USB_Device_Library/Core/Src/usbd_core.c.obj
 .debug_frame   0x0000282c      0x180 CMakeFiles/zig_lib.elf.dir/Middlewares/ST/STM32_USB_Device_Library/Core/Src/usbd_ctlreq.c.obj
 .debug_frame   0x000029ac       0xb8 CMakeFiles/zig_lib.elf.dir/Middlewares/ST/STM32_USB_Device_Library/Core/Src/usbd_ioreq.c.obj
 .debug_frame   0x00002a64      0x2e4 CMakeFiles/zig_lib.elf.dir/USB_DEVICE/Target/usbd_conf.c.obj
 .debug_frame   0x00002d48       0x4c D:/MinGW/arm-gnu-toolchain-14.2.rel1-mingw-w64-i686-arm-none-eabi/bin/../lib/gcc/arm-none-eabi/14.2.1/thumb/v7e-m/nofp\libgcc.a(_arm_addsubsf3.o)
 .debug_frame   0x00002d94       0x38 D:/MinGW/arm-gnu-toolchain-14.2.rel1-mingw-w64-i686-arm-none-eabi/bin/../lib/gcc/arm-none-eabi/14.2.1/thumb/v7e-m/nofp\libgcc.a(_arm_muldivsf3.o)
 .debug_frame   0x00002dcc       0x24 D:/MinGW/arm-gnu-toolchain-14.2.rel1-mingw-w64-i686-arm-none-eabi/bin/../lib/gcc/arm-none-eabi/14.2.1/thumb/v7e-m/nofp\libgcc.a(_arm_fixunssfsi.o)
 .debug_frame   0x00002df0       0x2c D:/MinGW/arm-gnu-toolchain-14.2.rel1-mingw-w64-i686-arm-none-eabi/bin/../lib/gcc/arm-none-eabi/14.2.1/thumb/v7e-m/nofp\libg.a(libc_a-init.o)
 .debug_frame   0x00002e1c       0xb0 D:/MinGW/arm-gnu-toolchain-14.2.rel1-mingw-w64-i686-arm-none-eabi/bin/../lib/gcc/arm-none-eabi/14.2.1/thumb/v7e-m/nofp\libg.a(libc_a-lock.o)
 .debug_frame   0x00002ecc       0x5c D:/MinGW/arm-gnu-toolchain-14.2.rel1-mingw-w64-i686-arm-none-eabi/bin/../lib/gcc/arm-none-eabi/14.2.1/thumb/v7e-m/nofp\libg.a(libc_a-__call_atexit.o)
 .debug_frame   0x00002f28       0x20 D:/MinGW/arm-gnu-toolchain-14.2.rel1-mingw-w64-i686-arm-none-eabi/bin/../lib/gcc/arm-none-eabi/14.2.1/thumb/v7e-m/nofp\libg.a(libc_a-atexit.o)
 .debug_frame   0x00002f48       0x34 D:/MinGW/arm-gnu-toolchain-14.2.rel1-mingw-w64-i686-arm-none-eabi/bin/../lib/gcc/arm-none-eabi/14.2.1/thumb/v7e-m/nofp\libg.a(libc_a-fini.o)
 .debug_frame   0x00002f7c       0x34 D:/MinGW/arm-gnu-toolchain-14.2.rel1-mingw-w64-i686-arm-none-eabi/bin/../lib/gcc/arm-none-eabi/14.2.1/thumb/v7e-m/nofp\libg.a(libc_a-__atexit.o)

.debug_line_str
                0x00000000      0x148
 .debug_line_str
                0x00000000      0x148 CMakeFiles/zig_lib.elf.dir/Core/Startup/startup_stm32h723vgtx.s.obj
                                 0x7d (size before relaxing)
 .debug_line_str
                0x00000148       0xcb D:/MinGW/arm-gnu-toolchain-14.2.rel1-mingw-w64-i686-arm-none-eabi/bin/../lib/gcc/arm-none-eabi/14.2.1/thumb/v7e-m/nofp\libgcc.a(_arm_addsubsf3.o)
 .debug_line_str
                0x00000148       0xcb D:/MinGW/arm-gnu-toolchain-14.2.rel1-mingw-w64-i686-arm-none-eabi/bin/../lib/gcc/arm-none-eabi/14.2.1/thumb/v7e-m/nofp\libgcc.a(_arm_muldivsf3.o)
 .debug_line_str
                0x00000148       0xcb D:/MinGW/arm-gnu-toolchain-14.2.rel1-mingw-w64-i686-arm-none-eabi/bin/../lib/gcc/arm-none-eabi/14.2.1/thumb/v7e-m/nofp\libgcc.a(_arm_fixunssfsi.o)
